{"tool":"phpunit","result":"failed","tests":169,"passed":135,"assertions":286,"duration_ms":31043,"failed":19,"failures":[{"test":"Tests\\Unit\\Services\\BoostServiceTest::test_activate_creates_active_boost","file":"C:\\wamp64\\www\\freelance-ci\\backend\\tests\\Unit\\Services\\BoostServiceTest.php","line":47,"message":"null does not match expected type \"object\"."},{"test":"Tests\\Unit\\Services\\ContractServiceTest::test_createContract_creates_contract_from_data","file":"C:\\wamp64\\www\\freelance-ci\\backend\\tests\\Unit\\Services\\ContractServiceTest.php","line":33,"message":"null does not match expected type \"object\"."},{"test":"Tests\\Unit\\Services\\PaymentServiceTest::test_initiate_creates_transaction_and_payment","file":"C:\\wamp64\\www\\freelance-ci\\backend\\tests\\Unit\\Services\\PaymentServiceTest.php","line":40,"message":"Failed asserting that null is of type array."},{"test":"Tests\\Unit\\Services\\PaymentServiceTest::test_confirm_payment_updates_status","file":"C:\\wamp64\\www\\freelance-ci\\backend\\tests\\Unit\\Services\\PaymentServiceTest.php","line":73,"message":"App\\Enums\\PaymentStatus Enum (Released, 'released') does not match expected type \"string\"."},{"test":"Tests\\Feature\\Api\\AdminControllerTest::test_admin_can_list_and_resolve_disputes","file":"C:\\wamp64\\www\\freelance-ci\\backend\\tests\\Feature\\Api\\AdminControllerTest.php","line":99,"message":"Expected response status code [200] but received 500.\nFailed asserting that 500 is identical to 200.\r\n\r\nThe following exception occurred during the last request:\n\nIlluminate\\Database\\Eloquent\\RelationNotFoundException: Call to undefined relationship [openedBy] on model [App\\Models\\Dispute]. in C:\\wamp64\\www\\freelance-ci\\backend\\vendor\\laravel\\framework\\src\\Illuminate\\Database\\Eloquent\\RelationNotFoundException.php:35\nStack trace:\n#0 C:\\wamp64\\www\\freelance-ci\\backend\\vendor\\laravel\\framework\\src\\Illuminate\\Database\\Eloquent\\Builder.php(975): Illuminate\\Database\\Eloquent\\RelationNotFoundException::make(Object(App\\Models\\Dispute), 'openedBy')\n#1 C:\\wamp64\\www\\freelance-ci\\backend\\vendor\\laravel\\framework\\src\\Illuminate\\Database\\Eloquent\\Relations\\Relation.php(119): Illuminate\\Database\\Eloquent\\Builder->{closure:Illuminate\\Database\\Eloquent\\Builder::getRelation():971}()\n#2 C:\\wamp64\\www\\freelance-ci\\backend\\vendor\\laravel\\framework\\src\\Illuminate\\Database\\Eloquent\\Builder.php(971): Illuminate\\Database\\Eloquent\\Relations\\Relation::noConstraints(Object(Closure))\n#3 C:\\wamp64\\www\\freelance-ci\\backend\\vendor\\laravel\\framework\\src\\Illuminate\\Database\\Eloquent\\Builder.php(945): Illuminate\\Database\\Eloquent\\Builder->getRelation('openedBy')\n#4 C:\\wamp64\\www\\freelance-ci\\backend\\vendor\\laravel\\framework\\src\\Illuminate\\Database\\Eloquent\\Builder.php(925): Illuminate\\Database\\Eloquent\\Builder->eagerLoadRelation(Array, 'openedBy', Object(Closure))\n#5 C:\\wamp64\\www\\freelance-ci\\backend\\vendor\\laravel\\framework\\src\\Illuminate\\Database\\Eloquent\\Builder.php(891): Illuminate\\Database\\Eloquent\\Builder->eagerLoadRelations(Array)\n#6 C:\\wamp64\\www\\freelance-ci\\backend\\vendor\\laravel\\framework\\src\\Illuminate\\Database\\Eloquent\\Builder.php(1131): Illuminate\\Database\\Eloquent\\Builder->get(Array)\n#7 C:\\wamp64\\www\\freelance-ci\\backend\\app\\Services\\AdminService.php(118): Illuminate\\Database\\Eloquent\\Builder->paginate(20)\n#8 C:\\wamp64\\www\\freelance-ci\\backend\\app\\Http\\Controllers\\Api\\V1\\AdminController.php(208): App\\Services\\AdminService->listDisputes()\n#9 C:\\wamp64\\www\\freelance-ci\\backend\\vendor\\laravel\\framework\\src\\Illuminate\\Routing\\ControllerDispatcher.php(46): App\\Http\\Controllers\\Api\\V1\\AdminController->disputes()\n#10 C:\\wamp64\\www\\freelance-ci\\backend\\vendor\\laravel\\framework\\src\\Illuminate\\Routing\\Route.php(269): Illuminate\\Routing\\ControllerDispatcher->dispatch(Object(Illuminate\\Routing\\Route), Object(App\\Http\\Controllers\\Api\\V1\\AdminController), 'disputes')\n#11 C:\\wamp64\\www\\freelance-ci\\backend\\vendor\\laravel\\framework\\src\\Illuminate\\Routing\\Route.php(215): Illuminate\\Routing\\Route->runController()\n#12 C:\\wamp64\\www\\freelance-ci\\backend\\vendor\\laravel\\framework\\src\\Illuminate\\Routing\\Router.php(822): Illuminate\\Routing\\Route->run()\n#13 C:\\wamp64\\www\\freelance-ci\\backend\\vendor\\laravel\\framework\\src\\Illuminate\\Pipeline\\Pipeline.php(180): Illuminate\\Routing\\Router->{closure:Illuminate\\Routing\\Router::runRouteWithinStack():821}(Object(Illuminate\\Http\\Request))\n#14 C:\\wamp64\\www\\freelance-ci\\backend\\app\\Http\\Middleware\\CheckRole.php(19): Illuminate\\Pipeline\\Pipeline->{closure:Illuminate\\Pipeline\\Pipeline::prepareDestination():178}(Object(Illuminate\\Http\\Request))\n#15 C:\\wamp64\\www\\freelance-ci\\backend\\vendor\\laravel\\framework\\src\\Illuminate\\Pipeline\\Pipeline.php(219): App\\Http\\Middleware\\CheckRole->handle(Object(Illuminate\\Http\\Request), Object(Closure), 'admin')\n#16 C:\\wamp64\\www\\freelance-ci\\backend\\app\\Http\\Middleware\\SupabaseJwtMiddleware.php(33): Illuminate\\Pipeline\\Pipeline->{closure:{closure:Illuminate\\Pipeline\\Pipeline::carry():194}:195}(Object(Illuminate\\Http\\Request))\n#17 C:\\wamp64\\www\\freelance-ci\\backend\\vendor\\laravel\\framework\\src\\Illuminate\\Pipeline\\Pipeline.php(219): App\\Http\\Middleware\\SupabaseJwtMiddleware->handle(Object(Illuminate\\Http\\Request), Object(Closure))\n#18 C:\\wamp64\\www\\freelance-ci\\backend\\vendor\\laravel\\framework\\src\\Illuminate\\Routing\\Middleware\\SubstituteBindings.php(52): Illuminate\\Pipeline\\Pipeline->{closure:{closure:Illuminate\\Pipeline\\Pipeline::carry():194}:195}(Object(Illuminate\\Http\\Request))\n#19 C:\\wamp64\\www\\freelance-ci\\backend\\vendor\\laravel\\framework\\src\\Illuminate\\Pipeline\\Pipeline.php(219): Illuminate\\Routing\\Middleware\\SubstituteBindings->handle(Object(Illuminate\\Http\\Request), Object(Closure))\n#20 C:\\wamp64\\www\\freelance-ci\\backend\\vendor\\laravel\\framework\\src\\Illuminate\\Pipeline\\Pipeline.php(137): Illuminate\\Pipeline\\Pipeline->{closure:{closure:Illuminate\\Pipeline\\Pipeline::carry():194}:195}(Object(Illuminate\\Http\\Request))\n#21 C:\\wamp64\\www\\freelance-ci\\backend\\vendor\\laravel\\framework\\src\\Illuminate\\Routing\\Router.php(821): Illuminate\\Pipeline\\Pipeline->then(Object(Closure))\n#22 C:\\wamp64\\www\\freelance-ci\\backend\\vendor\\laravel\\framework\\src\\Illuminate\\Routing\\Router.php(800): Illuminate\\Routing\\Router->runRouteWithinStack(Object(Illuminate\\Routing\\Route), Object(Illuminate\\Http\\Request))\n#23 C:\\wamp64\\www\\freelance-ci\\backend\\vendor\\laravel\\framework\\src\\Illuminate\\Routing\\Router.php(764): Illuminate\\Routing\\Router->runRoute(Object(Illuminate\\Http\\Request), Object(Illuminate\\Routing\\Route))\n#24 C:\\wamp64\\www\\freelance-ci\\backend\\vendor\\laravel\\framework\\src\\Illuminate\\Routing\\Router.php(753): Illuminate\\Routing\\Router->dispatchToRoute(Object(Illuminate\\Http\\Request))\n#25 C:\\wamp64\\www\\freelance-ci\\backend\\vendor\\laravel\\framework\\src\\Illuminate\\Foundation\\Http\\Kernel.php(200): Illuminate\\Routing\\Router->dispatch(Object(Illuminate\\Http\\Request))\n#26 C:\\wamp64\\www\\freelance-ci\\backend\\vendor\\laravel\\framework\\src\\Illuminate\\Pipeline\\Pipeline.php(180): Illuminate\\Foundation\\Http\\Kernel->{closure:Illuminate\\Foundation\\Http\\Kernel::dispatchToRouter():197}(Object(Illuminate\\Http\\Request))\n#27 C:\\wamp64\\www\\freelance-ci\\backend\\vendor\\laravel\\framework\\src\\Illuminate\\Foundation\\Http\\Middleware\\TransformsRequest.php(21): Illuminate\\Pipeline\\Pipeline->{closure:Illuminate\\Pipeline\\Pipeline::prepareDestination():178}(Object(Illuminate\\Http\\Request))\n#28 C:\\wamp64\\www\\freelance-ci\\backend\\vendor\\laravel\\framework\\src\\Illuminate\\Foundation\\Http\\Middleware\\ConvertEmptyStringsToNull.php(31): Illuminate\\Foundation\\Http\\Middleware\\TransformsRequest->handle(Object(Illuminate\\Http\\Request), Object(Closure))\n#29 C:\\wamp64\\www\\freelance-ci\\backend\\vendor\\laravel\\framework\\src\\Illuminate\\Pipeline\\Pipeline.php(219): Illuminate\\Foundation\\Http\\Middleware\\ConvertEmptyStringsToNull->handle(Object(Illuminate\\Http\\Request), Object(Closure))\n#30 C:\\wamp64\\www\\freelance-ci\\backend\\vendor\\laravel\\framework\\src\\Illuminate\\Foundation\\Http\\Middleware\\TransformsRequest.php(21): Illuminate\\Pipeline\\Pipeline->{closure:{closure:Illuminate\\Pipeline\\Pipeline::carry():194}:195}(Object(Illuminate\\Http\\Request))\n#31 C:\\wamp64\\www\\freelance-ci\\backend\\vendor\\laravel\\framework\\src\\Illuminate\\Foundation\\Http\\Middleware\\TrimStrings.php(51): Illuminate\\Foundation\\Http\\Middleware\\TransformsRequest->handle(Object(Illuminate\\Http\\Request), Object(Closure))\n#32 C:\\wamp64\\www\\freelance-ci\\backend\\vendor\\laravel\\framework\\src\\Illuminate\\Pipeline\\Pipeline.php(219): Illuminate\\Foundation\\Http\\Middleware\\TrimStrings->handle(Object(Illuminate\\Http\\Request), Object(Closure))\n#33 C:\\wamp64\\www\\freelance-ci\\backend\\vendor\\laravel\\framework\\src\\Illuminate\\Http\\Middleware\\ValidatePostSize.php(27): Illuminate\\Pipeline\\Pipeline->{closure:{closure:Illuminate\\Pipeline\\Pipeline::carry():194}:195}(Object(Illuminate\\Http\\Request))\n#34 C:\\wamp64\\www\\freelance-ci\\backend\\vendor\\laravel\\framework\\src\\Illuminate\\Pipeline\\Pipeline.php(219): Illuminate\\Http\\Middleware\\ValidatePostSize->handle(Object(Illuminate\\Http\\Request), Object(Closure))\n#35 C:\\wamp64\\www\\freelance-ci\\backend\\vendor\\laravel\\framework\\src\\Illuminate\\Foundation\\Http\\Middleware\\PreventRequestsDuringMaintenance.php(109): Illuminate\\Pipeline\\Pipeline->{closure:{closure:Illuminate\\Pipeline\\Pipeline::carry():194}:195}(Object(Illuminate\\Http\\Request))\n#36 C:\\wamp64\\www\\freelance-ci\\backend\\vendor\\laravel\\framework\\src\\Illuminate\\Pipeline\\Pipeline.php(219): Illuminate\\Foundation\\Http\\Middleware\\PreventRequestsDuringMaintenance->handle(Object(Illuminate\\Http\\Request), Object(Closure))\n#37 C:\\wamp64\\www\\freelance-ci\\backend\\vendor\\laravel\\framework\\src\\Illuminate\\Http\\Middleware\\HandleCors.php(74): Illuminate\\Pipeline\\Pipeline->{closure:{closure:Illuminate\\Pipeline\\Pipeline::carry():194}:195}(Object(Illuminate\\Http\\Request))\n#38 C:\\wamp64\\www\\freelance-ci\\backend\\vendor\\laravel\\framework\\src\\Illuminate\\Pipeline\\Pipeline.php(219): Illuminate\\Http\\Middleware\\HandleCors->handle(Object(Illuminate\\Http\\Request), Object(Closure))\n#39 C:\\wamp64\\www\\freelance-ci\\backend\\vendor\\laravel\\framework\\src\\Illuminate\\Http\\Middleware\\TrustProxies.php(58): Illuminate\\Pipeline\\Pipeline->{closure:{closure:Illuminate\\Pipeline\\Pipeline::carry():194}:195}(Object(Illuminate\\Http\\Request))\n#40 C:\\wamp64\\www\\freelance-ci\\backend\\vendor\\laravel\\framework\\src\\Illuminate\\Pipeline\\Pipeline.php(219): Illuminate\\Http\\Middleware\\TrustProxies->handle(Object(Illuminate\\Http\\Request), Object(Closure))\n#41 C:\\wamp64\\www\\freelance-ci\\backend\\vendor\\laravel\\framework\\src\\Illuminate\\Foundation\\Http\\Middleware\\InvokeDeferredCallbacks.php(22): Illuminate\\Pipeline\\Pipeline->{closure:{closure:Illuminate\\Pipeline\\Pipeline::carry():194}:195}(Object(Illuminate\\Http\\Request))\n#42 C:\\wamp64\\www\\freelance-ci\\backend\\vendor\\laravel\\framework\\src\\Illuminate\\Pipeline\\Pipeline.php(219): Illuminate\\Foundation\\Http\\Middleware\\InvokeDeferredCallbacks->handle(Object(Illuminate\\Http\\Request), Object(Closure))\n#43 C:\\wamp64\\www\\freelance-ci\\backend\\vendor\\laravel\\framework\\src\\Illuminate\\Http\\Middleware\\ValidatePathEncoding.php(28): Illuminate\\Pipeline\\Pipeline->{closure:{closure:Illuminate\\Pipeline\\Pipeline::carry():194}:195}(Object(Illuminate\\Http\\Request))\n#44 C:\\wamp64\\www\\freelance-ci\\backend\\vendor\\laravel\\framework\\src\\Illuminate\\Pipeline\\Pipeline.php(219): Illuminate\\Http\\Middleware\\ValidatePathEncoding->handle(Object(Illuminate\\Http\\Request), Object(Closure))\n#45 C:\\wamp64\\www\\freelance-ci\\backend\\vendor\\laravel\\framework\\src\\Illuminate\\Pipeline\\Pipeline.php(137): Illuminate\\Pipeline\\Pipeline->{closure:{closure:Illuminate\\Pipeline\\Pipeline::carry():194}:195}(Object(Illuminate\\Http\\Request))\n#46 C:\\wamp64\\www\\freelance-ci\\backend\\vendor\\laravel\\framework\\src\\Illuminate\\Foundation\\Http\\Kernel.php(175): Illuminate\\Pipeline\\Pipeline->then(Object(Closure))\n#47 C:\\wamp64\\www\\freelance-ci\\backend\\vendor\\laravel\\framework\\src\\Illuminate\\Foundation\\Http\\Kernel.php(144): Illuminate\\Foundation\\Http\\Kernel->sendRequestThroughRouter(Object(Illuminate\\Http\\Request))\n#48 C:\\wamp64\\www\\freelance-ci\\backend\\vendor\\laravel\\framework\\src\\Illuminate\\Foundation\\Testing\\Concerns\\MakesHttpRequests.php(607): Illuminate\\Foundation\\Http\\Kernel->handle(Object(Illuminate\\Http\\Request))\n#49 C:\\wamp64\\www\\freelance-ci\\backend\\vendor\\laravel\\framework\\src\\Illuminate\\Foundation\\Testing\\Concerns\\MakesHttpRequests.php(573): Illuminate\\Foundation\\Testing\\TestCase->call('GET', '/api/admin/disp...', Array, Array, Array, Array, '[]')\n#50 C:\\wamp64\\www\\freelance-ci\\backend\\vendor\\laravel\\framework\\src\\Illuminate\\Foundation\\Testing\\Concerns\\MakesHttpRequests.php(381): Illuminate\\Foundation\\Testing\\TestCase->json('GET', '/api/admin/disp...', Array, Array, 0)\n#51 C:\\wamp64\\www\\freelance-ci\\backend\\tests\\Feature\\Api\\AdminControllerTest.php(105): Illuminate\\Foundation\\Testing\\TestCase->getJson('/api/admin/disp...')\n#52 C:\\wamp64\\www\\freelance-ci\\backend\\vendor\\phpunit\\phpunit\\src\\Framework\\TestCase.php(1314): Tests\\Feature\\Api\\AdminControllerTest->test_admin_can_list_and_resolve_disputes()\n#53 C:\\wamp64\\www\\freelance-ci\\backend\\vendor\\phpunit\\phpunit\\src\\Framework\\TestCase.php(1351): PHPUnit\\Framework\\TestCase->invokeTestMethod('test_admin_can_...', Array)\n#54 C:\\wamp64\\www\\freelance-ci\\backend\\vendor\\phpunit\\phpunit\\src\\Framework\\TestCase.php(521): PHPUnit\\Framework\\TestCase->runTest()\n#55 C:\\wamp64\\www\\freelance-ci\\backend\\vendor\\phpunit\\phpunit\\src\\Framework\\TestRunner\\TestRunner.php(99): PHPUnit\\Framework\\TestCase->runBare()\n#56 C:\\wamp64\\www\\freelance-ci\\backend\\vendor\\phpunit\\phpunit\\src\\Framework\\TestCase.php(361): PHPUnit\\Framework\\TestRunner->run(Object(Tests\\Feature\\Api\\AdminControllerTest))\n#57 C:\\wamp64\\www\\freelance-ci\\backend\\vendor\\phpunit\\phpunit\\src\\Framework\\TestSuite.php(374): PHPUnit\\Framework\\TestCase->run()\n#58 C:\\wamp64\\www\\freelance-ci\\backend\\vendor\\phpunit\\phpunit\\src\\Framework\\TestSuite.php(374): PHPUnit\\Framework\\TestSuite->run()\n#59 C:\\wamp64\\www\\freelance-ci\\backend\\vendor\\phpunit\\phpunit\\src\\Framework\\TestSuite.php(374): PHPUnit\\Framework\\TestSuite->run()\n#60 C:\\wamp64\\www\\freelance-ci\\backend\\vendor\\phpunit\\phpunit\\src\\TextUI\\TestRunner.php(64): PHPUnit\\Framework\\TestSuite->run()\n#61 C:\\wamp64\\www\\freelance-ci\\backend\\vendor\\phpunit\\phpunit\\src\\TextUI\\Application.php(229): PHPUnit\\TextUI\\TestRunner->run(Object(PHPUnit\\TextUI\\Configuration\\Configuration), Object(PHPUnit\\Runner\\ResultCache\\DefaultResultCache), Object(PHPUnit\\Framework\\TestSuite))\n#62 C:\\wamp64\\www\\freelance-ci\\backend\\vendor\\phpunit\\phpunit\\phpunit(104): PHPUnit\\TextUI\\Application->run(Array)\n#63 C:\\wamp64\\www\\freelance-ci\\backend\\vendor\\bin\\phpunit(122): include('C:\\\\wamp64\\\\www\\\\f...')\n#64 {main}\n\n----------------------------------------------------------------------------------\n\nCall to undefined relationship [openedBy] on model [App\\Models\\Dispute]."},{"test":"Tests\\Feature\\Api\\AdminControllerTest::test_admin_can_grant_and_revoke_badge","file":"C:\\wamp64\\www\\freelance-ci\\backend\\tests\\Feature\\Api\\AdminControllerTest.php","line":125,"message":"Expected response status code [201] but received 500.\nFailed asserting that 500 is identical to 201.\r\n\r\nThe following exception occurred during the last request:\n\nTypeError: Cannot assign null to property App\\Services\\GeniusPayService::$apiKey of type string in C:\\wamp64\\www\\freelance-ci\\backend\\app\\Services\\GeniusPayService.php:18\nStack trace:\n#0 C:\\wamp64\\www\\freelance-ci\\backend\\vendor\\laravel\\framework\\src\\Illuminate\\Container\\Container.php(1171): App\\Services\\GeniusPayService->__construct()\n#1 C:\\wamp64\\www\\freelance-ci\\backend\\vendor\\laravel\\framework\\src\\Illuminate\\Container\\Container.php(936): Illuminate\\Container\\Container->build('App\\\\Services\\\\Ge...')\n#2 C:\\wamp64\\www\\freelance-ci\\backend\\vendor\\laravel\\framework\\src\\Illuminate\\Foundation\\Application.php(1078): Illuminate\\Container\\Container->resolve('App\\\\Services\\\\Ge...', Array, true)\n#3 C:\\wamp64\\www\\freelance-ci\\backend\\vendor\\laravel\\framework\\src\\Illuminate\\Container\\Container.php(864): Illuminate\\Foundation\\Application->resolve('App\\\\Services\\\\Ge...', Array)\n#4 C:\\wamp64\\www\\freelance-ci\\backend\\vendor\\laravel\\framework\\src\\Illuminate\\Foundation\\Application.php(1058): Illuminate\\Container\\Container->make('App\\\\Services\\\\Ge...', Array)\n#5 C:\\wamp64\\www\\freelance-ci\\backend\\vendor\\laravel\\framework\\src\\Illuminate\\Container\\Container.php(1339): Illuminate\\Foundation\\Application->make('App\\\\Services\\\\Ge...')\n#6 C:\\wamp64\\www\\freelance-ci\\backend\\vendor\\laravel\\framework\\src\\Illuminate\\Container\\Container.php(1240): Illuminate\\Container\\Container->resolveClass(Object(ReflectionParameter), 'App\\\\Services\\\\Ge...')\n#7 C:\\wamp64\\www\\freelance-ci\\backend\\vendor\\laravel\\framework\\src\\Illuminate\\Container\\Container.php(1165): Illuminate\\Container\\Container->resolveDependencies(Array)\n#8 C:\\wamp64\\www\\freelance-ci\\backend\\vendor\\laravel\\framework\\src\\Illuminate\\Container\\Container.php(936): Illuminate\\Container\\Container->build('App\\\\Services\\\\Pa...')\n#9 C:\\wamp64\\www\\freelance-ci\\backend\\vendor\\laravel\\framework\\src\\Illuminate\\Foundation\\Application.php(1078): Illuminate\\Container\\Container->resolve('App\\\\Services\\\\Pa...', Array, true)\n#10 C:\\wamp64\\www\\freelance-ci\\backend\\vendor\\laravel\\framework\\src\\Illuminate\\Container\\Container.php(864): Illuminate\\Foundation\\Application->resolve('App\\\\Services\\\\Pa...', Array)\n#11 C:\\wamp64\\www\\freelance-ci\\backend\\vendor\\laravel\\framework\\src\\Illuminate\\Foundation\\Application.php(1058): Illuminate\\Container\\Container->make('App\\\\Services\\\\Pa...', Array)\n#12 C:\\wamp64\\www\\freelance-ci\\backend\\vendor\\laravel\\framework\\src\\Illuminate\\Container\\Container.php(1339): Illuminate\\Foundation\\Application->make('App\\\\Services\\\\Pa...')\n#13 C:\\wamp64\\www\\freelance-ci\\backend\\vendor\\laravel\\framework\\src\\Illuminate\\Container\\Container.php(1240): Illuminate\\Container\\Container->resolveClass(Object(ReflectionParameter), 'App\\\\Services\\\\Pa...')\n#14 C:\\wamp64\\www\\freelance-ci\\backend\\vendor\\laravel\\framework\\src\\Illuminate\\Container\\Container.php(1165): Illuminate\\Container\\Container->resolveDependencies(Array)\n#15 C:\\wamp64\\www\\freelance-ci\\backend\\vendor\\laravel\\framework\\src\\Illuminate\\Container\\Container.php(936): Illuminate\\Container\\Container->build('App\\\\Services\\\\Ba...')\n#16 C:\\wamp64\\www\\freelance-ci\\backend\\vendor\\laravel\\framework\\src\\Illuminate\\Foundation\\Application.php(1078): Illuminate\\Container\\Container->resolve('App\\\\Services\\\\Ba...', Array, true)\n#17 C:\\wamp64\\www\\freelance-ci\\backend\\vendor\\laravel\\framework\\src\\Illuminate\\Container\\Container.php(864): Illuminate\\Foundation\\Application->resolve('App\\\\Services\\\\Ba...', Array)\n#18 C:\\wamp64\\www\\freelance-ci\\backend\\vendor\\laravel\\framework\\src\\Illuminate\\Foundation\\Application.php(1058): Illuminate\\Container\\Container->make('App\\\\Services\\\\Ba...', Array)\n#19 C:\\wamp64\\www\\freelance-ci\\backend\\vendor\\laravel\\framework\\src\\Illuminate\\Foundation\\helpers.php(138): Illuminate\\Foundation\\Application->make('App\\\\Services\\\\Ba...', Array)\n#20 C:\\wamp64\\www\\freelance-ci\\backend\\app\\Services\\AdminService.php(170): app('App\\\\Services\\\\Ba...')\n#21 C:\\wamp64\\www\\freelance-ci\\backend\\app\\Http\\Controllers\\Api\\V1\\AdminController.php(340): App\\Services\\AdminService->grantBadge('019e8822-87ea-7...', NULL)\n#22 C:\\wamp64\\www\\freelance-ci\\backend\\vendor\\laravel\\framework\\src\\Illuminate\\Routing\\ControllerDispatcher.php(46): App\\Http\\Controllers\\Api\\V1\\AdminController->grantBadge(Object(Illuminate\\Http\\Request))\n#23 C:\\wamp64\\www\\freelance-ci\\backend\\vendor\\laravel\\framework\\src\\Illuminate\\Routing\\Route.php(269): Illuminate\\Routing\\ControllerDispatcher->dispatch(Object(Illuminate\\Routing\\Route), Object(App\\Http\\Controllers\\Api\\V1\\AdminController), 'grantBadge')\n#24 C:\\wamp64\\www\\freelance-ci\\backend\\vendor\\laravel\\framework\\src\\Illuminate\\Routing\\Route.php(215): Illuminate\\Routing\\Route->runController()\n#25 C:\\wamp64\\www\\freelance-ci\\backend\\vendor\\laravel\\framework\\src\\Illuminate\\Routing\\Router.php(822): Illuminate\\Routing\\Route->run()\n#26 C:\\wamp64\\www\\freelance-ci\\backend\\vendor\\laravel\\framework\\src\\Illuminate\\Pipeline\\Pipeline.php(180): Illuminate\\Routing\\Router->{closure:Illuminate\\Routing\\Router::runRouteWithinStack():821}(Object(Illuminate\\Http\\Request))\n#27 C:\\wamp64\\www\\freelance-ci\\backend\\app\\Http\\Middleware\\CheckRole.php(19): Illuminate\\Pipeline\\Pipeline->{closure:Illuminate\\Pipeline\\Pipeline::prepareDestination():178}(Object(Illuminate\\Http\\Request))\n#28 C:\\wamp64\\www\\freelance-ci\\backend\\vendor\\laravel\\framework\\src\\Illuminate\\Pipeline\\Pipeline.php(219): App\\Http\\Middleware\\CheckRole->handle(Object(Illuminate\\Http\\Request), Object(Closure), 'admin')\n#29 C:\\wamp64\\www\\freelance-ci\\backend\\app\\Http\\Middleware\\SupabaseJwtMiddleware.php(33): Illuminate\\Pipeline\\Pipeline->{closure:{closure:Illuminate\\Pipeline\\Pipeline::carry():194}:195}(Object(Illuminate\\Http\\Request))\n#30 C:\\wamp64\\www\\freelance-ci\\backend\\vendor\\laravel\\framework\\src\\Illuminate\\Pipeline\\Pipeline.php(219): App\\Http\\Middleware\\SupabaseJwtMiddleware->handle(Object(Illuminate\\Http\\Request), Object(Closure))\n#31 C:\\wamp64\\www\\freelance-ci\\backend\\vendor\\laravel\\framework\\src\\Illuminate\\Routing\\Middleware\\SubstituteBindings.php(52): Illuminate\\Pipeline\\Pipeline->{closure:{closure:Illuminate\\Pipeline\\Pipeline::carry():194}:195}(Object(Illuminate\\Http\\Request))\n#32 C:\\wamp64\\www\\freelance-ci\\backend\\vendor\\laravel\\framework\\src\\Illuminate\\Pipeline\\Pipeline.php(219): Illuminate\\Routing\\Middleware\\SubstituteBindings->handle(Object(Illuminate\\Http\\Request), Object(Closure))\n#33 C:\\wamp64\\www\\freelance-ci\\backend\\vendor\\laravel\\framework\\src\\Illuminate\\Pipeline\\Pipeline.php(137): Illuminate\\Pipeline\\Pipeline->{closure:{closure:Illuminate\\Pipeline\\Pipeline::carry():194}:195}(Object(Illuminate\\Http\\Request))\n#34 C:\\wamp64\\www\\freelance-ci\\backend\\vendor\\laravel\\framework\\src\\Illuminate\\Routing\\Router.php(821): Illuminate\\Pipeline\\Pipeline->then(Object(Closure))\n#35 C:\\wamp64\\www\\freelance-ci\\backend\\vendor\\laravel\\framework\\src\\Illuminate\\Routing\\Router.php(800): Illuminate\\Routing\\Router->runRouteWithinStack(Object(Illuminate\\Routing\\Route), Object(Illuminate\\Http\\Request))\n#36 C:\\wamp64\\www\\freelance-ci\\backend\\vendor\\laravel\\framework\\src\\Illuminate\\Routing\\Router.php(764): Illuminate\\Routing\\Router->runRoute(Object(Illuminate\\Http\\Request), Object(Illuminate\\Routing\\Route))\n#37 C:\\wamp64\\www\\freelance-ci\\backend\\vendor\\laravel\\framework\\src\\Illuminate\\Routing\\Router.php(753): Illuminate\\Routing\\Router->dispatchToRoute(Object(Illuminate\\Http\\Request))\n#38 C:\\wamp64\\www\\freelance-ci\\backend\\vendor\\laravel\\framework\\src\\Illuminate\\Foundation\\Http\\Kernel.php(200): Illuminate\\Routing\\Router->dispatch(Object(Illuminate\\Http\\Request))\n#39 C:\\wamp64\\www\\freelance-ci\\backend\\vendor\\laravel\\framework\\src\\Illuminate\\Pipeline\\Pipeline.php(180): Illuminate\\Foundation\\Http\\Kernel->{closure:Illuminate\\Foundation\\Http\\Kernel::dispatchToRouter():197}(Object(Illuminate\\Http\\Request))\n#40 C:\\wamp64\\www\\freelance-ci\\backend\\vendor\\laravel\\framework\\src\\Illuminate\\Foundation\\Http\\Middleware\\TransformsRequest.php(21): Illuminate\\Pipeline\\Pipeline->{closure:Illuminate\\Pipeline\\Pipeline::prepareDestination():178}(Object(Illuminate\\Http\\Request))\n#41 C:\\wamp64\\www\\freelance-ci\\backend\\vendor\\laravel\\framework\\src\\Illuminate\\Foundation\\Http\\Middleware\\ConvertEmptyStringsToNull.php(31): Illuminate\\Foundation\\Http\\Middleware\\TransformsRequest->handle(Object(Illuminate\\Http\\Request), Object(Closure))\n#42 C:\\wamp64\\www\\freelance-ci\\backend\\vendor\\laravel\\framework\\src\\Illuminate\\Pipeline\\Pipeline.php(219): Illuminate\\Foundation\\Http\\Middleware\\ConvertEmptyStringsToNull->handle(Object(Illuminate\\Http\\Request), Object(Closure))\n#43 C:\\wamp64\\www\\freelance-ci\\backend\\vendor\\laravel\\framework\\src\\Illuminate\\Foundation\\Http\\Middleware\\TransformsRequest.php(21): Illuminate\\Pipeline\\Pipeline->{closure:{closure:Illuminate\\Pipeline\\Pipeline::carry():194}:195}(Object(Illuminate\\Http\\Request))\n#44 C:\\wamp64\\www\\freelance-ci\\backend\\vendor\\laravel\\framework\\src\\Illuminate\\Foundation\\Http\\Middleware\\TrimStrings.php(51): Illuminate\\Foundation\\Http\\Middleware\\TransformsRequest->handle(Object(Illuminate\\Http\\Request), Object(Closure))\n#45 C:\\wamp64\\www\\freelance-ci\\backend\\vendor\\laravel\\framework\\src\\Illuminate\\Pipeline\\Pipeline.php(219): Illuminate\\Foundation\\Http\\Middleware\\TrimStrings->handle(Object(Illuminate\\Http\\Request), Object(Closure))\n#46 C:\\wamp64\\www\\freelance-ci\\backend\\vendor\\laravel\\framework\\src\\Illuminate\\Http\\Middleware\\ValidatePostSize.php(27): Illuminate\\Pipeline\\Pipeline->{closure:{closure:Illuminate\\Pipeline\\Pipeline::carry():194}:195}(Object(Illuminate\\Http\\Request))\n#47 C:\\wamp64\\www\\freelance-ci\\backend\\vendor\\laravel\\framework\\src\\Illuminate\\Pipeline\\Pipeline.php(219): Illuminate\\Http\\Middleware\\ValidatePostSize->handle(Object(Illuminate\\Http\\Request), Object(Closure))\n#48 C:\\wamp64\\www\\freelance-ci\\backend\\vendor\\laravel\\framework\\src\\Illuminate\\Foundation\\Http\\Middleware\\PreventRequestsDuringMaintenance.php(109): Illuminate\\Pipeline\\Pipeline->{closure:{closure:Illuminate\\Pipeline\\Pipeline::carry():194}:195}(Object(Illuminate\\Http\\Request))\n#49 C:\\wamp64\\www\\freelance-ci\\backend\\vendor\\laravel\\framework\\src\\Illuminate\\Pipeline\\Pipeline.php(219): Illuminate\\Foundation\\Http\\Middleware\\PreventRequestsDuringMaintenance->handle(Object(Illuminate\\Http\\Request), Object(Closure))\n#50 C:\\wamp64\\www\\freelance-ci\\backend\\vendor\\laravel\\framework\\src\\Illuminate\\Http\\Middleware\\HandleCors.php(74): Illuminate\\Pipeline\\Pipeline->{closure:{closure:Illuminate\\Pipeline\\Pipeline::carry():194}:195}(Object(Illuminate\\Http\\Request))\n#51 C:\\wamp64\\www\\freelance-ci\\backend\\vendor\\laravel\\framework\\src\\Illuminate\\Pipeline\\Pipeline.php(219): Illuminate\\Http\\Middleware\\HandleCors->handle(Object(Illuminate\\Http\\Request), Object(Closure))\n#52 C:\\wamp64\\www\\freelance-ci\\backend\\vendor\\laravel\\framework\\src\\Illuminate\\Http\\Middleware\\TrustProxies.php(58): Illuminate\\Pipeline\\Pipeline->{closure:{closure:Illuminate\\Pipeline\\Pipeline::carry():194}:195}(Object(Illuminate\\Http\\Request))\n#53 C:\\wamp64\\www\\freelance-ci\\backend\\vendor\\laravel\\framework\\src\\Illuminate\\Pipeline\\Pipeline.php(219): Illuminate\\Http\\Middleware\\TrustProxies->handle(Object(Illuminate\\Http\\Request), Object(Closure))\n#54 C:\\wamp64\\www\\freelance-ci\\backend\\vendor\\laravel\\framework\\src\\Illuminate\\Foundation\\Http\\Middleware\\InvokeDeferredCallbacks.php(22): Illuminate\\Pipeline\\Pipeline->{closure:{closure:Illuminate\\Pipeline\\Pipeline::carry():194}:195}(Object(Illuminate\\Http\\Request))\n#55 C:\\wamp64\\www\\freelance-ci\\backend\\vendor\\laravel\\framework\\src\\Illuminate\\Pipeline\\Pipeline.php(219): Illuminate\\Foundation\\Http\\Middleware\\InvokeDeferredCallbacks->handle(Object(Illuminate\\Http\\Request), Object(Closure))\n#56 C:\\wamp64\\www\\freelance-ci\\backend\\vendor\\laravel\\framework\\src\\Illuminate\\Http\\Middleware\\ValidatePathEncoding.php(28): Illuminate\\Pipeline\\Pipeline->{closure:{closure:Illuminate\\Pipeline\\Pipeline::carry():194}:195}(Object(Illuminate\\Http\\Request))\n#57 C:\\wamp64\\www\\freelance-ci\\backend\\vendor\\laravel\\framework\\src\\Illuminate\\Pipeline\\Pipeline.php(219): Illuminate\\Http\\Middleware\\ValidatePathEncoding->handle(Object(Illuminate\\Http\\Request), Object(Closure))\n#58 C:\\wamp64\\www\\freelance-ci\\backend\\vendor\\laravel\\framework\\src\\Illuminate\\Pipeline\\Pipeline.php(137): Illuminate\\Pipeline\\Pipeline->{closure:{closure:Illuminate\\Pipeline\\Pipeline::carry():194}:195}(Object(Illuminate\\Http\\Request))\n#59 C:\\wamp64\\www\\freelance-ci\\backend\\vendor\\laravel\\framework\\src\\Illuminate\\Foundation\\Http\\Kernel.php(175): Illuminate\\Pipeline\\Pipeline->then(Object(Closure))\n#60 C:\\wamp64\\www\\freelance-ci\\backend\\vendor\\laravel\\framework\\src\\Illuminate\\Foundation\\Http\\Kernel.php(144): Illuminate\\Foundation\\Http\\Kernel->sendRequestThroughRouter(Object(Illuminate\\Http\\Request))\n#61 C:\\wamp64\\www\\freelance-ci\\backend\\vendor\\laravel\\framework\\src\\Illuminate\\Foundation\\Testing\\Concerns\\MakesHttpRequests.php(607): Illuminate\\Foundation\\Http\\Kernel->handle(Object(Illuminate\\Http\\Request))\n#62 C:\\wamp64\\www\\freelance-ci\\backend\\vendor\\laravel\\framework\\src\\Illuminate\\Foundation\\Testing\\Concerns\\MakesHttpRequests.php(573): Illuminate\\Foundation\\Testing\\TestCase->call('POST', '/api/admin/badg...', Array, Array, Array, Array, '{\"freelance_pro...')\n#63 C:\\wamp64\\www\\freelance-ci\\backend\\vendor\\laravel\\framework\\src\\Illuminate\\Foundation\\Testing\\Concerns\\MakesHttpRequests.php(411): Illuminate\\Foundation\\Testing\\TestCase->json('POST', '/api/admin/badg...', Array, Array, 0)\n#64 C:\\wamp64\\www\\freelance-ci\\backend\\tests\\Feature\\Api\\AdminControllerTest.php(131): Illuminate\\Foundation\\Testing\\TestCase->postJson('/api/admin/badg...', Array)\n#65 C:\\wamp64\\www\\freelance-ci\\backend\\vendor\\phpunit\\phpunit\\src\\Framework\\TestCase.php(1314): Tests\\Feature\\Api\\AdminControllerTest->test_admin_can_grant_and_revoke_badge()\n#66 C:\\wamp64\\www\\freelance-ci\\backend\\vendor\\phpunit\\phpunit\\src\\Framework\\TestCase.php(1351): PHPUnit\\Framework\\TestCase->invokeTestMethod('test_admin_can_...', Array)\n#67 C:\\wamp64\\www\\freelance-ci\\backend\\vendor\\phpunit\\phpunit\\src\\Framework\\TestCase.php(521): PHPUnit\\Framework\\TestCase->runTest()\n#68 C:\\wamp64\\www\\freelance-ci\\backend\\vendor\\phpunit\\phpunit\\src\\Framework\\TestRunner\\TestRunner.php(99): PHPUnit\\Framework\\TestCase->runBare()\n#69 C:\\wamp64\\www\\freelance-ci\\backend\\vendor\\phpunit\\phpunit\\src\\Framework\\TestCase.php(361): PHPUnit\\Framework\\TestRunner->run(Object(Tests\\Feature\\Api\\AdminControllerTest))\n#70 C:\\wamp64\\www\\freelance-ci\\backend\\vendor\\phpunit\\phpunit\\src\\Framework\\TestSuite.php(374): PHPUnit\\Framework\\TestCase->run()\n#71 C:\\wamp64\\www\\freelance-ci\\backend\\vendor\\phpunit\\phpunit\\src\\Framework\\TestSuite.php(374): PHPUnit\\Framework\\TestSuite->run()\n#72 C:\\wamp64\\www\\freelance-ci\\backend\\vendor\\phpunit\\phpunit\\src\\Framework\\TestSuite.php(374): PHPUnit\\Framework\\TestSuite->run()\n#73 C:\\wamp64\\www\\freelance-ci\\backend\\vendor\\phpunit\\phpunit\\src\\TextUI\\TestRunner.php(64): PHPUnit\\Framework\\TestSuite->run()\n#74 C:\\wamp64\\www\\freelance-ci\\backend\\vendor\\phpunit\\phpunit\\src\\TextUI\\Application.php(229): PHPUnit\\TextUI\\TestRunner->run(Object(PHPUnit\\TextUI\\Configuration\\Configuration), Object(PHPUnit\\Runner\\ResultCache\\DefaultResultCache), Object(PHPUnit\\Framework\\TestSuite))\n#75 C:\\wamp64\\www\\freelance-ci\\backend\\vendor\\phpunit\\phpunit\\phpunit(104): PHPUnit\\TextUI\\Application->run(Array)\n#76 C:\\wamp64\\www\\freelance-ci\\backend\\vendor\\bin\\phpunit(122): include('C:\\\\wamp64\\\\www\\\\f...')\n#77 {main}\n\n----------------------------------------------------------------------------------\n\nCannot assign null to property App\\Services\\GeniusPayService::$apiKey of type string"},{"test":"Tests\\Feature\\Api\\AdminControllerTest::test_admin_can_revoke_boost","file":"C:\\wamp64\\www\\freelance-ci\\backend\\tests\\Feature\\Api\\AdminControllerTest.php","line":145,"message":"Expected response status code [200] but received 500.\nFailed asserting that 500 is identical to 200.\r\n\r\nThe following exception occurred during the last request:\n\nTypeError: Cannot assign null to property App\\Services\\GeniusPayService::$apiKey of type string in C:\\wamp64\\www\\freelance-ci\\backend\\app\\Services\\GeniusPayService.php:18\nStack trace:\n#0 C:\\wamp64\\www\\freelance-ci\\backend\\vendor\\laravel\\framework\\src\\Illuminate\\Container\\Container.php(1171): App\\Services\\GeniusPayService->__construct()\n#1 C:\\wamp64\\www\\freelance-ci\\backend\\vendor\\laravel\\framework\\src\\Illuminate\\Container\\Container.php(936): Illuminate\\Container\\Container->build('App\\\\Services\\\\Ge...')\n#2 C:\\wamp64\\www\\freelance-ci\\backend\\vendor\\laravel\\framework\\src\\Illuminate\\Foundation\\Application.php(1078): Illuminate\\Container\\Container->resolve('App\\\\Services\\\\Ge...', Array, true)\n#3 C:\\wamp64\\www\\freelance-ci\\backend\\vendor\\laravel\\framework\\src\\Illuminate\\Container\\Container.php(864): Illuminate\\Foundation\\Application->resolve('App\\\\Services\\\\Ge...', Array)\n#4 C:\\wamp64\\www\\freelance-ci\\backend\\vendor\\laravel\\framework\\src\\Illuminate\\Foundation\\Application.php(1058): Illuminate\\Container\\Container->make('App\\\\Services\\\\Ge...', Array)\n#5 C:\\wamp64\\www\\freelance-ci\\backend\\vendor\\laravel\\framework\\src\\Illuminate\\Container\\Container.php(1339): Illuminate\\Foundation\\Application->make('App\\\\Services\\\\Ge...')\n#6 C:\\wamp64\\www\\freelance-ci\\backend\\vendor\\laravel\\framework\\src\\Illuminate\\Container\\Container.php(1240): Illuminate\\Container\\Container->resolveClass(Object(ReflectionParameter), 'App\\\\Services\\\\Ge...')\n#7 C:\\wamp64\\www\\freelance-ci\\backend\\vendor\\laravel\\framework\\src\\Illuminate\\Container\\Container.php(1165): Illuminate\\Container\\Container->resolveDependencies(Array)\n#8 C:\\wamp64\\www\\freelance-ci\\backend\\vendor\\laravel\\framework\\src\\Illuminate\\Container\\Container.php(936): Illuminate\\Container\\Container->build('App\\\\Services\\\\Pa...')\n#9 C:\\wamp64\\www\\freelance-ci\\backend\\vendor\\laravel\\framework\\src\\Illuminate\\Foundation\\Application.php(1078): Illuminate\\Container\\Container->resolve('App\\\\Services\\\\Pa...', Array, true)\n#10 C:\\wamp64\\www\\freelance-ci\\backend\\vendor\\laravel\\framework\\src\\Illuminate\\Container\\Container.php(864): Illuminate\\Foundation\\Application->resolve('App\\\\Services\\\\Pa...', Array)\n#11 C:\\wamp64\\www\\freelance-ci\\backend\\vendor\\laravel\\framework\\src\\Illuminate\\Foundation\\Application.php(1058): Illuminate\\Container\\Container->make('App\\\\Services\\\\Pa...', Array)\n#12 C:\\wamp64\\www\\freelance-ci\\backend\\vendor\\laravel\\framework\\src\\Illuminate\\Container\\Container.php(1339): Illuminate\\Foundation\\Application->make('App\\\\Services\\\\Pa...')\n#13 C:\\wamp64\\www\\freelance-ci\\backend\\vendor\\laravel\\framework\\src\\Illuminate\\Container\\Container.php(1240): Illuminate\\Container\\Container->resolveClass(Object(ReflectionParameter), 'App\\\\Services\\\\Pa...')\n#14 C:\\wamp64\\www\\freelance-ci\\backend\\vendor\\laravel\\framework\\src\\Illuminate\\Container\\Container.php(1165): Illuminate\\Container\\Container->resolveDependencies(Array)\n#15 C:\\wamp64\\www\\freelance-ci\\backend\\vendor\\laravel\\framework\\src\\Illuminate\\Container\\Container.php(936): Illuminate\\Container\\Container->build('App\\\\Services\\\\Bo...')\n#16 C:\\wamp64\\www\\freelance-ci\\backend\\vendor\\laravel\\framework\\src\\Illuminate\\Foundation\\Application.php(1078): Illuminate\\Container\\Container->resolve('App\\\\Services\\\\Bo...', Array, true)\n#17 C:\\wamp64\\www\\freelance-ci\\backend\\vendor\\laravel\\framework\\src\\Illuminate\\Container\\Container.php(864): Illuminate\\Foundation\\Application->resolve('App\\\\Services\\\\Bo...', Array)\n#18 C:\\wamp64\\www\\freelance-ci\\backend\\vendor\\laravel\\framework\\src\\Illuminate\\Foundation\\Application.php(1058): Illuminate\\Container\\Container->make('App\\\\Services\\\\Bo...', Array)\n#19 C:\\wamp64\\www\\freelance-ci\\backend\\vendor\\laravel\\framework\\src\\Illuminate\\Foundation\\helpers.php(138): Illuminate\\Foundation\\Application->make('App\\\\Services\\\\Bo...', Array)\n#20 C:\\wamp64\\www\\freelance-ci\\backend\\app\\Services\\AdminService.php(187): app('App\\\\Services\\\\Bo...')\n#21 C:\\wamp64\\www\\freelance-ci\\backend\\app\\Http\\Controllers\\Api\\V1\\AdminController.php(408): App\\Services\\AdminService->revokeBoost('019e8822-88ab-7...')\n#22 C:\\wamp64\\www\\freelance-ci\\backend\\vendor\\laravel\\framework\\src\\Illuminate\\Routing\\ControllerDispatcher.php(46): App\\Http\\Controllers\\Api\\V1\\AdminController->revokeBoost('019e8822-88ab-7...')\n#23 C:\\wamp64\\www\\freelance-ci\\backend\\vendor\\laravel\\framework\\src\\Illuminate\\Routing\\Route.php(269): Illuminate\\Routing\\ControllerDispatcher->dispatch(Object(Illuminate\\Routing\\Route), Object(App\\Http\\Controllers\\Api\\V1\\AdminController), 'revokeBoost')\n#24 C:\\wamp64\\www\\freelance-ci\\backend\\vendor\\laravel\\framework\\src\\Illuminate\\Routing\\Route.php(215): Illuminate\\Routing\\Route->runController()\n#25 C:\\wamp64\\www\\freelance-ci\\backend\\vendor\\laravel\\framework\\src\\Illuminate\\Routing\\Router.php(822): Illuminate\\Routing\\Route->run()\n#26 C:\\wamp64\\www\\freelance-ci\\backend\\vendor\\laravel\\framework\\src\\Illuminate\\Pipeline\\Pipeline.php(180): Illuminate\\Routing\\Router->{closure:Illuminate\\Routing\\Router::runRouteWithinStack():821}(Object(Illuminate\\Http\\Request))\n#27 C:\\wamp64\\www\\freelance-ci\\backend\\app\\Http\\Middleware\\CheckRole.php(19): Illuminate\\Pipeline\\Pipeline->{closure:Illuminate\\Pipeline\\Pipeline::prepareDestination():178}(Object(Illuminate\\Http\\Request))\n#28 C:\\wamp64\\www\\freelance-ci\\backend\\vendor\\laravel\\framework\\src\\Illuminate\\Pipeline\\Pipeline.php(219): App\\Http\\Middleware\\CheckRole->handle(Object(Illuminate\\Http\\Request), Object(Closure), 'admin')\n#29 C:\\wamp64\\www\\freelance-ci\\backend\\app\\Http\\Middleware\\SupabaseJwtMiddleware.php(33): Illuminate\\Pipeline\\Pipeline->{closure:{closure:Illuminate\\Pipeline\\Pipeline::carry():194}:195}(Object(Illuminate\\Http\\Request))\n#30 C:\\wamp64\\www\\freelance-ci\\backend\\vendor\\laravel\\framework\\src\\Illuminate\\Pipeline\\Pipeline.php(219): App\\Http\\Middleware\\SupabaseJwtMiddleware->handle(Object(Illuminate\\Http\\Request), Object(Closure))\n#31 C:\\wamp64\\www\\freelance-ci\\backend\\vendor\\laravel\\framework\\src\\Illuminate\\Routing\\Middleware\\SubstituteBindings.php(52): Illuminate\\Pipeline\\Pipeline->{closure:{closure:Illuminate\\Pipeline\\Pipeline::carry():194}:195}(Object(Illuminate\\Http\\Request))\n#32 C:\\wamp64\\www\\freelance-ci\\backend\\vendor\\laravel\\framework\\src\\Illuminate\\Pipeline\\Pipeline.php(219): Illuminate\\Routing\\Middleware\\SubstituteBindings->handle(Object(Illuminate\\Http\\Request), Object(Closure))\n#33 C:\\wamp64\\www\\freelance-ci\\backend\\vendor\\laravel\\framework\\src\\Illuminate\\Pipeline\\Pipeline.php(137): Illuminate\\Pipeline\\Pipeline->{closure:{closure:Illuminate\\Pipeline\\Pipeline::carry():194}:195}(Object(Illuminate\\Http\\Request))\n#34 C:\\wamp64\\www\\freelance-ci\\backend\\vendor\\laravel\\framework\\src\\Illuminate\\Routing\\Router.php(821): Illuminate\\Pipeline\\Pipeline->then(Object(Closure))\n#35 C:\\wamp64\\www\\freelance-ci\\backend\\vendor\\laravel\\framework\\src\\Illuminate\\Routing\\Router.php(800): Illuminate\\Routing\\Router->runRouteWithinStack(Object(Illuminate\\Routing\\Route), Object(Illuminate\\Http\\Request))\n#36 C:\\wamp64\\www\\freelance-ci\\backend\\vendor\\laravel\\framework\\src\\Illuminate\\Routing\\Router.php(764): Illuminate\\Routing\\Router->runRoute(Object(Illuminate\\Http\\Request), Object(Illuminate\\Routing\\Route))\n#37 C:\\wamp64\\www\\freelance-ci\\backend\\vendor\\laravel\\framework\\src\\Illuminate\\Routing\\Router.php(753): Illuminate\\Routing\\Router->dispatchToRoute(Object(Illuminate\\Http\\Request))\n#38 C:\\wamp64\\www\\freelance-ci\\backend\\vendor\\laravel\\framework\\src\\Illuminate\\Foundation\\Http\\Kernel.php(200): Illuminate\\Routing\\Router->dispatch(Object(Illuminate\\Http\\Request))\n#39 C:\\wamp64\\www\\freelance-ci\\backend\\vendor\\laravel\\framework\\src\\Illuminate\\Pipeline\\Pipeline.php(180): Illuminate\\Foundation\\Http\\Kernel->{closure:Illuminate\\Foundation\\Http\\Kernel::dispatchToRouter():197}(Object(Illuminate\\Http\\Request))\n#40 C:\\wamp64\\www\\freelance-ci\\backend\\vendor\\laravel\\framework\\src\\Illuminate\\Foundation\\Http\\Middleware\\TransformsRequest.php(21): Illuminate\\Pipeline\\Pipeline->{closure:Illuminate\\Pipeline\\Pipeline::prepareDestination():178}(Object(Illuminate\\Http\\Request))\n#41 C:\\wamp64\\www\\freelance-ci\\backend\\vendor\\laravel\\framework\\src\\Illuminate\\Foundation\\Http\\Middleware\\ConvertEmptyStringsToNull.php(31): Illuminate\\Foundation\\Http\\Middleware\\TransformsRequest->handle(Object(Illuminate\\Http\\Request), Object(Closure))\n#42 C:\\wamp64\\www\\freelance-ci\\backend\\vendor\\laravel\\framework\\src\\Illuminate\\Pipeline\\Pipeline.php(219): Illuminate\\Foundation\\Http\\Middleware\\ConvertEmptyStringsToNull->handle(Object(Illuminate\\Http\\Request), Object(Closure))\n#43 C:\\wamp64\\www\\freelance-ci\\backend\\vendor\\laravel\\framework\\src\\Illuminate\\Foundation\\Http\\Middleware\\TransformsRequest.php(21): Illuminate\\Pipeline\\Pipeline->{closure:{closure:Illuminate\\Pipeline\\Pipeline::carry():194}:195}(Object(Illuminate\\Http\\Request))\n#44 C:\\wamp64\\www\\freelance-ci\\backend\\vendor\\laravel\\framework\\src\\Illuminate\\Foundation\\Http\\Middleware\\TrimStrings.php(51): Illuminate\\Foundation\\Http\\Middleware\\TransformsRequest->handle(Object(Illuminate\\Http\\Request), Object(Closure))\n#45 C:\\wamp64\\www\\freelance-ci\\backend\\vendor\\laravel\\framework\\src\\Illuminate\\Pipeline\\Pipeline.php(219): Illuminate\\Foundation\\Http\\Middleware\\TrimStrings->handle(Object(Illuminate\\Http\\Request), Object(Closure))\n#46 C:\\wamp64\\www\\freelance-ci\\backend\\vendor\\laravel\\framework\\src\\Illuminate\\Http\\Middleware\\ValidatePostSize.php(27): Illuminate\\Pipeline\\Pipeline->{closure:{closure:Illuminate\\Pipeline\\Pipeline::carry():194}:195}(Object(Illuminate\\Http\\Request))\n#47 C:\\wamp64\\www\\freelance-ci\\backend\\vendor\\laravel\\framework\\src\\Illuminate\\Pipeline\\Pipeline.php(219): Illuminate\\Http\\Middleware\\ValidatePostSize->handle(Object(Illuminate\\Http\\Request), Object(Closure))\n#48 C:\\wamp64\\www\\freelance-ci\\backend\\vendor\\laravel\\framework\\src\\Illuminate\\Foundation\\Http\\Middleware\\PreventRequestsDuringMaintenance.php(109): Illuminate\\Pipeline\\Pipeline->{closure:{closure:Illuminate\\Pipeline\\Pipeline::carry():194}:195}(Object(Illuminate\\Http\\Request))\n#49 C:\\wamp64\\www\\freelance-ci\\backend\\vendor\\laravel\\framework\\src\\Illuminate\\Pipeline\\Pipeline.php(219): Illuminate\\Foundation\\Http\\Middleware\\PreventRequestsDuringMaintenance->handle(Object(Illuminate\\Http\\Request), Object(Closure))\n#50 C:\\wamp64\\www\\freelance-ci\\backend\\vendor\\laravel\\framework\\src\\Illuminate\\Http\\Middleware\\HandleCors.php(74): Illuminate\\Pipeline\\Pipeline->{closure:{closure:Illuminate\\Pipeline\\Pipeline::carry():194}:195}(Object(Illuminate\\Http\\Request))\n#51 C:\\wamp64\\www\\freelance-ci\\backend\\vendor\\laravel\\framework\\src\\Illuminate\\Pipeline\\Pipeline.php(219): Illuminate\\Http\\Middleware\\HandleCors->handle(Object(Illuminate\\Http\\Request), Object(Closure))\n#52 C:\\wamp64\\www\\freelance-ci\\backend\\vendor\\laravel\\framework\\src\\Illuminate\\Http\\Middleware\\TrustProxies.php(58): Illuminate\\Pipeline\\Pipeline->{closure:{closure:Illuminate\\Pipeline\\Pipeline::carry():194}:195}(Object(Illuminate\\Http\\Request))\n#53 C:\\wamp64\\www\\freelance-ci\\backend\\vendor\\laravel\\framework\\src\\Illuminate\\Pipeline\\Pipeline.php(219): Illuminate\\Http\\Middleware\\TrustProxies->handle(Object(Illuminate\\Http\\Request), Object(Closure))\n#54 C:\\wamp64\\www\\freelance-ci\\backend\\vendor\\laravel\\framework\\src\\Illuminate\\Foundation\\Http\\Middleware\\InvokeDeferredCallbacks.php(22): Illuminate\\Pipeline\\Pipeline->{closure:{closure:Illuminate\\Pipeline\\Pipeline::carry():194}:195}(Object(Illuminate\\Http\\Request))\n#55 C:\\wamp64\\www\\freelance-ci\\backend\\vendor\\laravel\\framework\\src\\Illuminate\\Pipeline\\Pipeline.php(219): Illuminate\\Foundation\\Http\\Middleware\\InvokeDeferredCallbacks->handle(Object(Illuminate\\Http\\Request), Object(Closure))\n#56 C:\\wamp64\\www\\freelance-ci\\backend\\vendor\\laravel\\framework\\src\\Illuminate\\Http\\Middleware\\ValidatePathEncoding.php(28): Illuminate\\Pipeline\\Pipeline->{closure:{closure:Illuminate\\Pipeline\\Pipeline::carry():194}:195}(Object(Illuminate\\Http\\Request))\n#57 C:\\wamp64\\www\\freelance-ci\\backend\\vendor\\laravel\\framework\\src\\Illuminate\\Pipeline\\Pipeline.php(219): Illuminate\\Http\\Middleware\\ValidatePathEncoding->handle(Object(Illuminate\\Http\\Request), Object(Closure))\n#58 C:\\wamp64\\www\\freelance-ci\\backend\\vendor\\laravel\\framework\\src\\Illuminate\\Pipeline\\Pipeline.php(137): Illuminate\\Pipeline\\Pipeline->{closure:{closure:Illuminate\\Pipeline\\Pipeline::carry():194}:195}(Object(Illuminate\\Http\\Request))\n#59 C:\\wamp64\\www\\freelance-ci\\backend\\vendor\\laravel\\framework\\src\\Illuminate\\Foundation\\Http\\Kernel.php(175): Illuminate\\Pipeline\\Pipeline->then(Object(Closure))\n#60 C:\\wamp64\\www\\freelance-ci\\backend\\vendor\\laravel\\framework\\src\\Illuminate\\Foundation\\Http\\Kernel.php(144): Illuminate\\Foundation\\Http\\Kernel->sendRequestThroughRouter(Object(Illuminate\\Http\\Request))\n#61 C:\\wamp64\\www\\freelance-ci\\backend\\vendor\\laravel\\framework\\src\\Illuminate\\Foundation\\Testing\\Concerns\\MakesHttpRequests.php(607): Illuminate\\Foundation\\Http\\Kernel->handle(Object(Illuminate\\Http\\Request))\n#62 C:\\wamp64\\www\\freelance-ci\\backend\\vendor\\laravel\\framework\\src\\Illuminate\\Foundation\\Testing\\Concerns\\MakesHttpRequests.php(573): Illuminate\\Foundation\\Testing\\TestCase->call('POST', '/api/admin/boos...', Array, Array, Array, Array, '[]')\n#63 C:\\wamp64\\www\\freelance-ci\\backend\\vendor\\laravel\\framework\\src\\Illuminate\\Foundation\\Testing\\Concerns\\MakesHttpRequests.php(411): Illuminate\\Foundation\\Testing\\TestCase->json('POST', '/api/admin/boos...', Array, Array, 0)\n#64 C:\\wamp64\\www\\freelance-ci\\backend\\tests\\Feature\\Api\\AdminControllerTest.php(151): Illuminate\\Foundation\\Testing\\TestCase->postJson('/api/admin/boos...')\n#65 C:\\wamp64\\www\\freelance-ci\\backend\\vendor\\phpunit\\phpunit\\src\\Framework\\TestCase.php(1314): Tests\\Feature\\Api\\AdminControllerTest->test_admin_can_revoke_boost()\n#66 C:\\wamp64\\www\\freelance-ci\\backend\\vendor\\phpunit\\phpunit\\src\\Framework\\TestCase.php(1351): PHPUnit\\Framework\\TestCase->invokeTestMethod('test_admin_can_...', Array)\n#67 C:\\wamp64\\www\\freelance-ci\\backend\\vendor\\phpunit\\phpunit\\src\\Framework\\TestCase.php(521): PHPUnit\\Framework\\TestCase->runTest()\n#68 C:\\wamp64\\www\\freelance-ci\\backend\\vendor\\phpunit\\phpunit\\src\\Framework\\TestRunner\\TestRunner.php(99): PHPUnit\\Framework\\TestCase->runBare()\n#69 C:\\wamp64\\www\\freelance-ci\\backend\\vendor\\phpunit\\phpunit\\src\\Framework\\TestCase.php(361): PHPUnit\\Framework\\TestRunner->run(Object(Tests\\Feature\\Api\\AdminControllerTest))\n#70 C:\\wamp64\\www\\freelance-ci\\backend\\vendor\\phpunit\\phpunit\\src\\Framework\\TestSuite.php(374): PHPUnit\\Framework\\TestCase->run()\n#71 C:\\wamp64\\www\\freelance-ci\\backend\\vendor\\phpunit\\phpunit\\src\\Framework\\TestSuite.php(374): PHPUnit\\Framework\\TestSuite->run()\n#72 C:\\wamp64\\www\\freelance-ci\\backend\\vendor\\phpunit\\phpunit\\src\\Framework\\TestSuite.php(374): PHPUnit\\Framework\\TestSuite->run()\n#73 C:\\wamp64\\www\\freelance-ci\\backend\\vendor\\phpunit\\phpunit\\src\\TextUI\\TestRunner.php(64): PHPUnit\\Framework\\TestSuite->run()\n#74 C:\\wamp64\\www\\freelance-ci\\backend\\vendor\\phpunit\\phpunit\\src\\TextUI\\Application.php(229): PHPUnit\\TextUI\\TestRunner->run(Object(PHPUnit\\TextUI\\Configuration\\Configuration), Object(PHPUnit\\Runner\\ResultCache\\DefaultResultCache), Object(PHPUnit\\Framework\\TestSuite))\n#75 C:\\wamp64\\www\\freelance-ci\\backend\\vendor\\phpunit\\phpunit\\phpunit(104): PHPUnit\\TextUI\\Application->run(Array)\n#76 C:\\wamp64\\www\\freelance-ci\\backend\\vendor\\bin\\phpunit(122): include('C:\\\\wamp64\\\\www\\\\f...')\n#77 {main}\n\n----------------------------------------------------------------------------------\n\nCannot assign null to property App\\Services\\GeniusPayService::$apiKey of type string"},{"test":"Tests\\Feature\\Api\\AuthControllerTest::test_can_login","file":"C:\\wamp64\\www\\freelance-ci\\backend\\tests\\Feature\\Api\\AuthControllerTest.php","line":36,"message":"Expected response status code [200] but received 401.\nFailed asserting that 401 is identical to 200."},{"test":"Tests\\Feature\\Api\\BadgeControllerTest::test_can_purchase_badge","file":"C:\\wamp64\\www\\freelance-ci\\backend\\tests\\Feature\\Api\\BadgeControllerTest.php","line":27,"message":"Expected response status code [200] but received 500.\nFailed asserting that 500 is identical to 200.\r\n\r\nThe following exception occurred during the last request:\n\nSymfony\\Component\\Routing\\Exception\\RouteNotFoundException: Route [api.v1.payments.callback] not defined. in C:\\wamp64\\www\\freelance-ci\\backend\\vendor\\laravel\\framework\\src\\Illuminate\\Routing\\UrlGenerator.php:546\nStack trace:\n#0 C:\\wamp64\\www\\freelance-ci\\backend\\vendor\\laravel\\framework\\src\\Illuminate\\Foundation\\helpers.php(870): Illuminate\\Routing\\UrlGenerator->route('api.v1.payments...', Array, true)\n#1 C:\\wamp64\\www\\freelance-ci\\backend\\app\\Services\\PaymentService.php(111): route('api.v1.payments...')\n#2 C:\\wamp64\\www\\freelance-ci\\backend\\vendor\\laravel\\framework\\src\\Illuminate\\Database\\Concerns\\ManagesTransactions.php(35): App\\Services\\PaymentService->{closure:App\\Services\\PaymentService::initiatePayment():89}(Object(Illuminate\\Database\\SQLiteConnection))\n#3 C:\\wamp64\\www\\freelance-ci\\backend\\vendor\\laravel\\framework\\src\\Illuminate\\Database\\DatabaseManager.php(496): Illuminate\\Database\\Connection->transaction(Object(Closure))\n#4 C:\\wamp64\\www\\freelance-ci\\backend\\vendor\\laravel\\framework\\src\\Illuminate\\Support\\Facades\\Facade.php(363): Illuminate\\Database\\DatabaseManager->__call('transaction', Array)\n#5 C:\\wamp64\\www\\freelance-ci\\backend\\app\\Services\\PaymentService.php(89): Illuminate\\Support\\Facades\\Facade::__callStatic('transaction', Array)\n#6 C:\\wamp64\\www\\freelance-ci\\backend\\app\\Services\\BadgeService.php(44): App\\Services\\PaymentService->initiatePayment(Array)\n#7 C:\\wamp64\\www\\freelance-ci\\backend\\app\\Http\\Controllers\\Api\\V1\\BadgeController.php(38): App\\Services\\BadgeService->purchase(Object(App\\Models\\User))\n#8 C:\\wamp64\\www\\freelance-ci\\backend\\vendor\\laravel\\framework\\src\\Illuminate\\Routing\\ControllerDispatcher.php(46): App\\Http\\Controllers\\Api\\V1\\BadgeController->purchase(Object(Illuminate\\Http\\Request))\n#9 C:\\wamp64\\www\\freelance-ci\\backend\\vendor\\laravel\\framework\\src\\Illuminate\\Routing\\Route.php(269): Illuminate\\Routing\\ControllerDispatcher->dispatch(Object(Illuminate\\Routing\\Route), Object(App\\Http\\Controllers\\Api\\V1\\BadgeController), 'purchase')\n#10 C:\\wamp64\\www\\freelance-ci\\backend\\vendor\\laravel\\framework\\src\\Illuminate\\Routing\\Route.php(215): Illuminate\\Routing\\Route->runController()\n#11 C:\\wamp64\\www\\freelance-ci\\backend\\vendor\\laravel\\framework\\src\\Illuminate\\Routing\\Router.php(822): Illuminate\\Routing\\Route->run()\n#12 C:\\wamp64\\www\\freelance-ci\\backend\\vendor\\laravel\\framework\\src\\Illuminate\\Pipeline\\Pipeline.php(180): Illuminate\\Routing\\Router->{closure:Illuminate\\Routing\\Router::runRouteWithinStack():821}(Object(Illuminate\\Http\\Request))\n#13 C:\\wamp64\\www\\freelance-ci\\backend\\app\\Http\\Middleware\\SupabaseJwtMiddleware.php(33): Illuminate\\Pipeline\\Pipeline->{closure:Illuminate\\Pipeline\\Pipeline::prepareDestination():178}(Object(Illuminate\\Http\\Request))\n#14 C:\\wamp64\\www\\freelance-ci\\backend\\vendor\\laravel\\framework\\src\\Illuminate\\Pipeline\\Pipeline.php(219): App\\Http\\Middleware\\SupabaseJwtMiddleware->handle(Object(Illuminate\\Http\\Request), Object(Closure))\n#15 C:\\wamp64\\www\\freelance-ci\\backend\\vendor\\laravel\\framework\\src\\Illuminate\\Routing\\Middleware\\SubstituteBindings.php(52): Illuminate\\Pipeline\\Pipeline->{closure:{closure:Illuminate\\Pipeline\\Pipeline::carry():194}:195}(Object(Illuminate\\Http\\Request))\n#16 C:\\wamp64\\www\\freelance-ci\\backend\\vendor\\laravel\\framework\\src\\Illuminate\\Pipeline\\Pipeline.php(219): Illuminate\\Routing\\Middleware\\SubstituteBindings->handle(Object(Illuminate\\Http\\Request), Object(Closure))\n#17 C:\\wamp64\\www\\freelance-ci\\backend\\vendor\\laravel\\framework\\src\\Illuminate\\Pipeline\\Pipeline.php(137): Illuminate\\Pipeline\\Pipeline->{closure:{closure:Illuminate\\Pipeline\\Pipeline::carry():194}:195}(Object(Illuminate\\Http\\Request))\n#18 C:\\wamp64\\www\\freelance-ci\\backend\\vendor\\laravel\\framework\\src\\Illuminate\\Routing\\Router.php(821): Illuminate\\Pipeline\\Pipeline->then(Object(Closure))\n#19 C:\\wamp64\\www\\freelance-ci\\backend\\vendor\\laravel\\framework\\src\\Illuminate\\Routing\\Router.php(800): Illuminate\\Routing\\Router->runRouteWithinStack(Object(Illuminate\\Routing\\Route), Object(Illuminate\\Http\\Request))\n#20 C:\\wamp64\\www\\freelance-ci\\backend\\vendor\\laravel\\framework\\src\\Illuminate\\Routing\\Router.php(764): Illuminate\\Routing\\Router->runRoute(Object(Illuminate\\Http\\Request), Object(Illuminate\\Routing\\Route))\n#21 C:\\wamp64\\www\\freelance-ci\\backend\\vendor\\laravel\\framework\\src\\Illuminate\\Routing\\Router.php(753): Illuminate\\Routing\\Router->dispatchToRoute(Object(Illuminate\\Http\\Request))\n#22 C:\\wamp64\\www\\freelance-ci\\backend\\vendor\\laravel\\framework\\src\\Illuminate\\Foundation\\Http\\Kernel.php(200): Illuminate\\Routing\\Router->dispatch(Object(Illuminate\\Http\\Request))\n#23 C:\\wamp64\\www\\freelance-ci\\backend\\vendor\\laravel\\framework\\src\\Illuminate\\Pipeline\\Pipeline.php(180): Illuminate\\Foundation\\Http\\Kernel->{closure:Illuminate\\Foundation\\Http\\Kernel::dispatchToRouter():197}(Object(Illuminate\\Http\\Request))\n#24 C:\\wamp64\\www\\freelance-ci\\backend\\vendor\\laravel\\framework\\src\\Illuminate\\Foundation\\Http\\Middleware\\TransformsRequest.php(21): Illuminate\\Pipeline\\Pipeline->{closure:Illuminate\\Pipeline\\Pipeline::prepareDestination():178}(Object(Illuminate\\Http\\Request))\n#25 C:\\wamp64\\www\\freelance-ci\\backend\\vendor\\laravel\\framework\\src\\Illuminate\\Foundation\\Http\\Middleware\\ConvertEmptyStringsToNull.php(31): Illuminate\\Foundation\\Http\\Middleware\\TransformsRequest->handle(Object(Illuminate\\Http\\Request), Object(Closure))\n#26 C:\\wamp64\\www\\freelance-ci\\backend\\vendor\\laravel\\framework\\src\\Illuminate\\Pipeline\\Pipeline.php(219): Illuminate\\Foundation\\Http\\Middleware\\ConvertEmptyStringsToNull->handle(Object(Illuminate\\Http\\Request), Object(Closure))\n#27 C:\\wamp64\\www\\freelance-ci\\backend\\vendor\\laravel\\framework\\src\\Illuminate\\Foundation\\Http\\Middleware\\TransformsRequest.php(21): Illuminate\\Pipeline\\Pipeline->{closure:{closure:Illuminate\\Pipeline\\Pipeline::carry():194}:195}(Object(Illuminate\\Http\\Request))\n#28 C:\\wamp64\\www\\freelance-ci\\backend\\vendor\\laravel\\framework\\src\\Illuminate\\Foundation\\Http\\Middleware\\TrimStrings.php(51): Illuminate\\Foundation\\Http\\Middleware\\TransformsRequest->handle(Object(Illuminate\\Http\\Request), Object(Closure))\n#29 C:\\wamp64\\www\\freelance-ci\\backend\\vendor\\laravel\\framework\\src\\Illuminate\\Pipeline\\Pipeline.php(219): Illuminate\\Foundation\\Http\\Middleware\\TrimStrings->handle(Object(Illuminate\\Http\\Request), Object(Closure))\n#30 C:\\wamp64\\www\\freelance-ci\\backend\\vendor\\laravel\\framework\\src\\Illuminate\\Http\\Middleware\\ValidatePostSize.php(27): Illuminate\\Pipeline\\Pipeline->{closure:{closure:Illuminate\\Pipeline\\Pipeline::carry():194}:195}(Object(Illuminate\\Http\\Request))\n#31 C:\\wamp64\\www\\freelance-ci\\backend\\vendor\\laravel\\framework\\src\\Illuminate\\Pipeline\\Pipeline.php(219): Illuminate\\Http\\Middleware\\ValidatePostSize->handle(Object(Illuminate\\Http\\Request), Object(Closure))\n#32 C:\\wamp64\\www\\freelance-ci\\backend\\vendor\\laravel\\framework\\src\\Illuminate\\Foundation\\Http\\Middleware\\PreventRequestsDuringMaintenance.php(109): Illuminate\\Pipeline\\Pipeline->{closure:{closure:Illuminate\\Pipeline\\Pipeline::carry():194}:195}(Object(Illuminate\\Http\\Request))\n#33 C:\\wamp64\\www\\freelance-ci\\backend\\vendor\\laravel\\framework\\src\\Illuminate\\Pipeline\\Pipeline.php(219): Illuminate\\Foundation\\Http\\Middleware\\PreventRequestsDuringMaintenance->handle(Object(Illuminate\\Http\\Request), Object(Closure))\n#34 C:\\wamp64\\www\\freelance-ci\\backend\\vendor\\laravel\\framework\\src\\Illuminate\\Http\\Middleware\\HandleCors.php(74): Illuminate\\Pipeline\\Pipeline->{closure:{closure:Illuminate\\Pipeline\\Pipeline::carry():194}:195}(Object(Illuminate\\Http\\Request))\n#35 C:\\wamp64\\www\\freelance-ci\\backend\\vendor\\laravel\\framework\\src\\Illuminate\\Pipeline\\Pipeline.php(219): Illuminate\\Http\\Middleware\\HandleCors->handle(Object(Illuminate\\Http\\Request), Object(Closure))\n#36 C:\\wamp64\\www\\freelance-ci\\backend\\vendor\\laravel\\framework\\src\\Illuminate\\Http\\Middleware\\TrustProxies.php(58): Illuminate\\Pipeline\\Pipeline->{closure:{closure:Illuminate\\Pipeline\\Pipeline::carry():194}:195}(Object(Illuminate\\Http\\Request))\n#37 C:\\wamp64\\www\\freelance-ci\\backend\\vendor\\laravel\\framework\\src\\Illuminate\\Pipeline\\Pipeline.php(219): Illuminate\\Http\\Middleware\\TrustProxies->handle(Object(Illuminate\\Http\\Request), Object(Closure))\n#38 C:\\wamp64\\www\\freelance-ci\\backend\\vendor\\laravel\\framework\\src\\Illuminate\\Foundation\\Http\\Middleware\\InvokeDeferredCallbacks.php(22): Illuminate\\Pipeline\\Pipeline->{closure:{closure:Illuminate\\Pipeline\\Pipeline::carry():194}:195}(Object(Illuminate\\Http\\Request))\n#39 C:\\wamp64\\www\\freelance-ci\\backend\\vendor\\laravel\\framework\\src\\Illuminate\\Pipeline\\Pipeline.php(219): Illuminate\\Foundation\\Http\\Middleware\\InvokeDeferredCallbacks->handle(Object(Illuminate\\Http\\Request), Object(Closure))\n#40 C:\\wamp64\\www\\freelance-ci\\backend\\vendor\\laravel\\framework\\src\\Illuminate\\Http\\Middleware\\ValidatePathEncoding.php(28): Illuminate\\Pipeline\\Pipeline->{closure:{closure:Illuminate\\Pipeline\\Pipeline::carry():194}:195}(Object(Illuminate\\Http\\Request))\n#41 C:\\wamp64\\www\\freelance-ci\\backend\\vendor\\laravel\\framework\\src\\Illuminate\\Pipeline\\Pipeline.php(219): Illuminate\\Http\\Middleware\\ValidatePathEncoding->handle(Object(Illuminate\\Http\\Request), Object(Closure))\n#42 C:\\wamp64\\www\\freelance-ci\\backend\\vendor\\laravel\\framework\\src\\Illuminate\\Pipeline\\Pipeline.php(137): Illuminate\\Pipeline\\Pipeline->{closure:{closure:Illuminate\\Pipeline\\Pipeline::carry():194}:195}(Object(Illuminate\\Http\\Request))\n#43 C:\\wamp64\\www\\freelance-ci\\backend\\vendor\\laravel\\framework\\src\\Illuminate\\Foundation\\Http\\Kernel.php(175): Illuminate\\Pipeline\\Pipeline->then(Object(Closure))\n#44 C:\\wamp64\\www\\freelance-ci\\backend\\vendor\\laravel\\framework\\src\\Illuminate\\Foundation\\Http\\Kernel.php(144): Illuminate\\Foundation\\Http\\Kernel->sendRequestThroughRouter(Object(Illuminate\\Http\\Request))\n#45 C:\\wamp64\\www\\freelance-ci\\backend\\vendor\\laravel\\framework\\src\\Illuminate\\Foundation\\Testing\\Concerns\\MakesHttpRequests.php(607): Illuminate\\Foundation\\Http\\Kernel->handle(Object(Illuminate\\Http\\Request))\n#46 C:\\wamp64\\www\\freelance-ci\\backend\\vendor\\laravel\\framework\\src\\Illuminate\\Foundation\\Testing\\Concerns\\MakesHttpRequests.php(573): Illuminate\\Foundation\\Testing\\TestCase->call('POST', '/api/badges/pur...', Array, Array, Array, Array, '[]')\n#47 C:\\wamp64\\www\\freelance-ci\\backend\\vendor\\laravel\\framework\\src\\Illuminate\\Foundation\\Testing\\Concerns\\MakesHttpRequests.php(411): Illuminate\\Foundation\\Testing\\TestCase->json('POST', '/api/badges/pur...', Array, Array, 0)\n#48 C:\\wamp64\\www\\freelance-ci\\backend\\tests\\Feature\\Api\\BadgeControllerTest.php(42): Illuminate\\Foundation\\Testing\\TestCase->postJson('/api/badges/pur...')\n#49 C:\\wamp64\\www\\freelance-ci\\backend\\vendor\\phpunit\\phpunit\\src\\Framework\\TestCase.php(1314): Tests\\Feature\\Api\\BadgeControllerTest->test_can_purchase_badge()\n#50 C:\\wamp64\\www\\freelance-ci\\backend\\vendor\\phpunit\\phpunit\\src\\Framework\\TestCase.php(1351): PHPUnit\\Framework\\TestCase->invokeTestMethod('test_can_purcha...', Array)\n#51 C:\\wamp64\\www\\freelance-ci\\backend\\vendor\\phpunit\\phpunit\\src\\Framework\\TestCase.php(521): PHPUnit\\Framework\\TestCase->runTest()\n#52 C:\\wamp64\\www\\freelance-ci\\backend\\vendor\\phpunit\\phpunit\\src\\Framework\\TestRunner\\TestRunner.php(99): PHPUnit\\Framework\\TestCase->runBare()\n#53 C:\\wamp64\\www\\freelance-ci\\backend\\vendor\\phpunit\\phpunit\\src\\Framework\\TestCase.php(361): PHPUnit\\Framework\\TestRunner->run(Object(Tests\\Feature\\Api\\BadgeControllerTest))\n#54 C:\\wamp64\\www\\freelance-ci\\backend\\vendor\\phpunit\\phpunit\\src\\Framework\\TestSuite.php(374): PHPUnit\\Framework\\TestCase->run()\n#55 C:\\wamp64\\www\\freelance-ci\\backend\\vendor\\phpunit\\phpunit\\src\\Framework\\TestSuite.php(374): PHPUnit\\Framework\\TestSuite->run()\n#56 C:\\wamp64\\www\\freelance-ci\\backend\\vendor\\phpunit\\phpunit\\src\\Framework\\TestSuite.php(374): PHPUnit\\Framework\\TestSuite->run()\n#57 C:\\wamp64\\www\\freelance-ci\\backend\\vendor\\phpunit\\phpunit\\src\\TextUI\\TestRunner.php(64): PHPUnit\\Framework\\TestSuite->run()\n#58 C:\\wamp64\\www\\freelance-ci\\backend\\vendor\\phpunit\\phpunit\\src\\TextUI\\Application.php(229): PHPUnit\\TextUI\\TestRunner->run(Object(PHPUnit\\TextUI\\Configuration\\Configuration), Object(PHPUnit\\Runner\\ResultCache\\DefaultResultCache), Object(PHPUnit\\Framework\\TestSuite))\n#59 C:\\wamp64\\www\\freelance-ci\\backend\\vendor\\phpunit\\phpunit\\phpunit(104): PHPUnit\\TextUI\\Application->run(Array)\n#60 C:\\wamp64\\www\\freelance-ci\\backend\\vendor\\bin\\phpunit(122): include('C:\\\\wamp64\\\\www\\\\f...')\n#61 {main}\n\n----------------------------------------------------------------------------------\n\nRoute [api.v1.payments.callback] not defined."},{"test":"Tests\\Feature\\Api\\BadgeControllerTest::test_returns_404_if_no_badge","file":"C:\\wamp64\\www\\freelance-ci\\backend\\tests\\Feature\\Api\\BadgeControllerTest.php","line":64,"message":"Expected response status code [404] but received 200.\nFailed asserting that 200 is identical to 404."},{"test":"Tests\\Feature\\Api\\BoostControllerTest::test_can_purchase_boost","file":"C:\\wamp64\\www\\freelance-ci\\backend\\tests\\Feature\\Api\\BoostControllerTest.php","line":29,"message":"Expected response status code [200] but received 400.\nFailed asserting that 400 is identical to 200."},{"test":"Tests\\Feature\\Api\\PaymentControllerTest::test_can_initiate_payment","file":"C:\\wamp64\\www\\freelance-ci\\backend\\tests\\Feature\\Api\\PaymentControllerTest.php","line":30,"message":"Expected response status code [200] but received 400.\nFailed asserting that 400 is identical to 200."},{"test":"Tests\\Feature\\Api\\PaymentControllerTest::test_can_confirm_payment","file":"C:\\wamp64\\www\\freelance-ci\\backend\\tests\\Feature\\Api\\PaymentControllerTest.php","line":57,"message":"Expected response status code [200] but received 400.\nFailed asserting that 400 is identical to 200."},{"test":"Tests\\Feature\\Api\\ProfileControllerTest::test_can_add_skill","file":"C:\\wamp64\\www\\freelance-ci\\backend\\tests\\Feature\\Api\\ProfileControllerTest.php","line":96,"message":"Expected response status code [201] but received 500.\nFailed asserting that 500 is identical to 201.\r\n\r\nThe following exception occurred during the last request:\n\nPDOException: SQLSTATE[23000]: Integrity constraint violation: 19 NOT NULL constraint failed: freelance_skills.id in C:\\wamp64\\www\\freelance-ci\\backend\\vendor\\laravel\\framework\\src\\Illuminate\\Database\\Connection.php:587\nStack trace:\n#0 C:\\wamp64\\www\\freelance-ci\\backend\\vendor\\laravel\\framework\\src\\Illuminate\\Database\\Connection.php(587): PDOStatement->execute()\n#1 C:\\wamp64\\www\\freelance-ci\\backend\\vendor\\laravel\\framework\\src\\Illuminate\\Database\\Connection.php(830): Illuminate\\Database\\Connection->{closure:Illuminate\\Database\\Connection::statement():576}('insert into \"fr...', Array)\n#2 C:\\wamp64\\www\\freelance-ci\\backend\\vendor\\laravel\\framework\\src\\Illuminate\\Database\\Connection.php(797): Illuminate\\Database\\Connection->runQueryCallback('insert into \"fr...', Array, Object(Closure))\n#3 C:\\wamp64\\www\\freelance-ci\\backend\\vendor\\laravel\\framework\\src\\Illuminate\\Database\\Connection.php(576): Illuminate\\Database\\Connection->run('insert into \"fr...', Array, Object(Closure))\n#4 C:\\wamp64\\www\\freelance-ci\\backend\\vendor\\laravel\\framework\\src\\Illuminate\\Database\\Connection.php(540): Illuminate\\Database\\Connection->statement('insert into \"fr...', Array)\n#5 C:\\wamp64\\www\\freelance-ci\\backend\\vendor\\laravel\\framework\\src\\Illuminate\\Database\\Query\\Builder.php(4158): Illuminate\\Database\\Connection->insert('insert into \"fr...', Array)\n#6 C:\\wamp64\\www\\freelance-ci\\backend\\vendor\\laravel\\framework\\src\\Illuminate\\Database\\Eloquent\\Relations\\Concerns\\InteractsWithPivotTable.php(345): Illuminate\\Database\\Query\\Builder->insert(Array)\n#7 C:\\wamp64\\www\\freelance-ci\\backend\\vendor\\laravel\\framework\\src\\Illuminate\\Database\\Eloquent\\Relations\\Concerns\\InteractsWithPivotTable.php(243): Illuminate\\Database\\Eloquent\\Relations\\BelongsToMany->attach('019e8822-a2a9-7...', Array, false)\n#8 C:\\wamp64\\www\\freelance-ci\\backend\\vendor\\laravel\\framework\\src\\Illuminate\\Database\\Eloquent\\Relations\\Concerns\\InteractsWithPivotTable.php(133): Illuminate\\Database\\Eloquent\\Relations\\BelongsToMany->attachNew(Array, Array, false)\n#9 C:\\wamp64\\www\\freelance-ci\\backend\\vendor\\laravel\\framework\\src\\Illuminate\\Database\\Eloquent\\Relations\\Concerns\\InteractsWithPivotTable.php(88): Illuminate\\Database\\Eloquent\\Relations\\BelongsToMany->sync(Array, false)\n#10 C:\\wamp64\\www\\freelance-ci\\backend\\app\\Services\\ProfileService.php(65): Illuminate\\Database\\Eloquent\\Relations\\BelongsToMany->syncWithoutDetaching(Array)\n#11 C:\\wamp64\\www\\freelance-ci\\backend\\app\\Http\\Controllers\\Api\\V1\\ProfileController.php(150): App\\Services\\ProfileService->addSkill(Object(App\\Models\\User), Array)\n#12 C:\\wamp64\\www\\freelance-ci\\backend\\vendor\\laravel\\framework\\src\\Illuminate\\Routing\\ControllerDispatcher.php(46): App\\Http\\Controllers\\Api\\V1\\ProfileController->addSkill(Object(Illuminate\\Http\\Request))\n#13 C:\\wamp64\\www\\freelance-ci\\backend\\vendor\\laravel\\framework\\src\\Illuminate\\Routing\\Route.php(269): Illuminate\\Routing\\ControllerDispatcher->dispatch(Object(Illuminate\\Routing\\Route), Object(App\\Http\\Controllers\\Api\\V1\\ProfileController), 'addSkill')\n#14 C:\\wamp64\\www\\freelance-ci\\backend\\vendor\\laravel\\framework\\src\\Illuminate\\Routing\\Route.php(215): Illuminate\\Routing\\Route->runController()\n#15 C:\\wamp64\\www\\freelance-ci\\backend\\vendor\\laravel\\framework\\src\\Illuminate\\Routing\\Router.php(822): Illuminate\\Routing\\Route->run()\n#16 C:\\wamp64\\www\\freelance-ci\\backend\\vendor\\laravel\\framework\\src\\Illuminate\\Pipeline\\Pipeline.php(180): Illuminate\\Routing\\Router->{closure:Illuminate\\Routing\\Router::runRouteWithinStack():821}(Object(Illuminate\\Http\\Request))\n#17 C:\\wamp64\\www\\freelance-ci\\backend\\app\\Http\\Middleware\\SupabaseJwtMiddleware.php(33): Illuminate\\Pipeline\\Pipeline->{closure:Illuminate\\Pipeline\\Pipeline::prepareDestination():178}(Object(Illuminate\\Http\\Request))\n#18 C:\\wamp64\\www\\freelance-ci\\backend\\vendor\\laravel\\framework\\src\\Illuminate\\Pipeline\\Pipeline.php(219): App\\Http\\Middleware\\SupabaseJwtMiddleware->handle(Object(Illuminate\\Http\\Request), Object(Closure))\n#19 C:\\wamp64\\www\\freelance-ci\\backend\\vendor\\laravel\\framework\\src\\Illuminate\\Routing\\Middleware\\SubstituteBindings.php(52): Illuminate\\Pipeline\\Pipeline->{closure:{closure:Illuminate\\Pipeline\\Pipeline::carry():194}:195}(Object(Illuminate\\Http\\Request))\n#20 C:\\wamp64\\www\\freelance-ci\\backend\\vendor\\laravel\\framework\\src\\Illuminate\\Pipeline\\Pipeline.php(219): Illuminate\\Routing\\Middleware\\SubstituteBindings->handle(Object(Illuminate\\Http\\Request), Object(Closure))\n#21 C:\\wamp64\\www\\freelance-ci\\backend\\vendor\\laravel\\framework\\src\\Illuminate\\Pipeline\\Pipeline.php(137): Illuminate\\Pipeline\\Pipeline->{closure:{closure:Illuminate\\Pipeline\\Pipeline::carry():194}:195}(Object(Illuminate\\Http\\Request))\n#22 C:\\wamp64\\www\\freelance-ci\\backend\\vendor\\laravel\\framework\\src\\Illuminate\\Routing\\Router.php(821): Illuminate\\Pipeline\\Pipeline->then(Object(Closure))\n#23 C:\\wamp64\\www\\freelance-ci\\backend\\vendor\\laravel\\framework\\src\\Illuminate\\Routing\\Router.php(800): Illuminate\\Routing\\Router->runRouteWithinStack(Object(Illuminate\\Routing\\Route), Object(Illuminate\\Http\\Request))\n#24 C:\\wamp64\\www\\freelance-ci\\backend\\vendor\\laravel\\framework\\src\\Illuminate\\Routing\\Router.php(764): Illuminate\\Routing\\Router->runRoute(Object(Illuminate\\Http\\Request), Object(Illuminate\\Routing\\Route))\n#25 C:\\wamp64\\www\\freelance-ci\\backend\\vendor\\laravel\\framework\\src\\Illuminate\\Routing\\Router.php(753): Illuminate\\Routing\\Router->dispatchToRoute(Object(Illuminate\\Http\\Request))\n#26 C:\\wamp64\\www\\freelance-ci\\backend\\vendor\\laravel\\framework\\src\\Illuminate\\Foundation\\Http\\Kernel.php(200): Illuminate\\Routing\\Router->dispatch(Object(Illuminate\\Http\\Request))\n#27 C:\\wamp64\\www\\freelance-ci\\backend\\vendor\\laravel\\framework\\src\\Illuminate\\Pipeline\\Pipeline.php(180): Illuminate\\Foundation\\Http\\Kernel->{closure:Illuminate\\Foundation\\Http\\Kernel::dispatchToRouter():197}(Object(Illuminate\\Http\\Request))\n#28 C:\\wamp64\\www\\freelance-ci\\backend\\vendor\\laravel\\framework\\src\\Illuminate\\Foundation\\Http\\Middleware\\TransformsRequest.php(21): Illuminate\\Pipeline\\Pipeline->{closure:Illuminate\\Pipeline\\Pipeline::prepareDestination():178}(Object(Illuminate\\Http\\Request))\n#29 C:\\wamp64\\www\\freelance-ci\\backend\\vendor\\laravel\\framework\\src\\Illuminate\\Foundation\\Http\\Middleware\\ConvertEmptyStringsToNull.php(31): Illuminate\\Foundation\\Http\\Middleware\\TransformsRequest->handle(Object(Illuminate\\Http\\Request), Object(Closure))\n#30 C:\\wamp64\\www\\freelance-ci\\backend\\vendor\\laravel\\framework\\src\\Illuminate\\Pipeline\\Pipeline.php(219): Illuminate\\Foundation\\Http\\Middleware\\ConvertEmptyStringsToNull->handle(Object(Illuminate\\Http\\Request), Object(Closure))\n#31 C:\\wamp64\\www\\freelance-ci\\backend\\vendor\\laravel\\framework\\src\\Illuminate\\Foundation\\Http\\Middleware\\TransformsRequest.php(21): Illuminate\\Pipeline\\Pipeline->{closure:{closure:Illuminate\\Pipeline\\Pipeline::carry():194}:195}(Object(Illuminate\\Http\\Request))\n#32 C:\\wamp64\\www\\freelance-ci\\backend\\vendor\\laravel\\framework\\src\\Illuminate\\Foundation\\Http\\Middleware\\TrimStrings.php(51): Illuminate\\Foundation\\Http\\Middleware\\TransformsRequest->handle(Object(Illuminate\\Http\\Request), Object(Closure))\n#33 C:\\wamp64\\www\\freelance-ci\\backend\\vendor\\laravel\\framework\\src\\Illuminate\\Pipeline\\Pipeline.php(219): Illuminate\\Foundation\\Http\\Middleware\\TrimStrings->handle(Object(Illuminate\\Http\\Request), Object(Closure))\n#34 C:\\wamp64\\www\\freelance-ci\\backend\\vendor\\laravel\\framework\\src\\Illuminate\\Http\\Middleware\\ValidatePostSize.php(27): Illuminate\\Pipeline\\Pipeline->{closure:{closure:Illuminate\\Pipeline\\Pipeline::carry():194}:195}(Object(Illuminate\\Http\\Request))\n#35 C:\\wamp64\\www\\freelance-ci\\backend\\vendor\\laravel\\framework\\src\\Illuminate\\Pipeline\\Pipeline.php(219): Illuminate\\Http\\Middleware\\ValidatePostSize->handle(Object(Illuminate\\Http\\Request), Object(Closure))\n#36 C:\\wamp64\\www\\freelance-ci\\backend\\vendor\\laravel\\framework\\src\\Illuminate\\Foundation\\Http\\Middleware\\PreventRequestsDuringMaintenance.php(109): Illuminate\\Pipeline\\Pipeline->{closure:{closure:Illuminate\\Pipeline\\Pipeline::carry():194}:195}(Object(Illuminate\\Http\\Request))\n#37 C:\\wamp64\\www\\freelance-ci\\backend\\vendor\\laravel\\framework\\src\\Illuminate\\Pipeline\\Pipeline.php(219): Illuminate\\Foundation\\Http\\Middleware\\PreventRequestsDuringMaintenance->handle(Object(Illuminate\\Http\\Request), Object(Closure))\n#38 C:\\wamp64\\www\\freelance-ci\\backend\\vendor\\laravel\\framework\\src\\Illuminate\\Http\\Middleware\\HandleCors.php(74): Illuminate\\Pipeline\\Pipeline->{closure:{closure:Illuminate\\Pipeline\\Pipeline::carry():194}:195}(Object(Illuminate\\Http\\Request))\n#39 C:\\wamp64\\www\\freelance-ci\\backend\\vendor\\laravel\\framework\\src\\Illuminate\\Pipeline\\Pipeline.php(219): Illuminate\\Http\\Middleware\\HandleCors->handle(Object(Illuminate\\Http\\Request), Object(Closure))\n#40 C:\\wamp64\\www\\freelance-ci\\backend\\vendor\\laravel\\framework\\src\\Illuminate\\Http\\Middleware\\TrustProxies.php(58): Illuminate\\Pipeline\\Pipeline->{closure:{closure:Illuminate\\Pipeline\\Pipeline::carry():194}:195}(Object(Illuminate\\Http\\Request))\n#41 C:\\wamp64\\www\\freelance-ci\\backend\\vendor\\laravel\\framework\\src\\Illuminate\\Pipeline\\Pipeline.php(219): Illuminate\\Http\\Middleware\\TrustProxies->handle(Object(Illuminate\\Http\\Request), Object(Closure))\n#42 C:\\wamp64\\www\\freelance-ci\\backend\\vendor\\laravel\\framework\\src\\Illuminate\\Foundation\\Http\\Middleware\\InvokeDeferredCallbacks.php(22): Illuminate\\Pipeline\\Pipeline->{closure:{closure:Illuminate\\Pipeline\\Pipeline::carry():194}:195}(Object(Illuminate\\Http\\Request))\n#43 C:\\wamp64\\www\\freelance-ci\\backend\\vendor\\laravel\\framework\\src\\Illuminate\\Pipeline\\Pipeline.php(219): Illuminate\\Foundation\\Http\\Middleware\\InvokeDeferredCallbacks->handle(Object(Illuminate\\Http\\Request), Object(Closure))\n#44 C:\\wamp64\\www\\freelance-ci\\backend\\vendor\\laravel\\framework\\src\\Illuminate\\Http\\Middleware\\ValidatePathEncoding.php(28): Illuminate\\Pipeline\\Pipeline->{closure:{closure:Illuminate\\Pipeline\\Pipeline::carry():194}:195}(Object(Illuminate\\Http\\Request))\n#45 C:\\wamp64\\www\\freelance-ci\\backend\\vendor\\laravel\\framework\\src\\Illuminate\\Pipeline\\Pipeline.php(219): Illuminate\\Http\\Middleware\\ValidatePathEncoding->handle(Object(Illuminate\\Http\\Request), Object(Closure))\n#46 C:\\wamp64\\www\\freelance-ci\\backend\\vendor\\laravel\\framework\\src\\Illuminate\\Pipeline\\Pipeline.php(137): Illuminate\\Pipeline\\Pipeline->{closure:{closure:Illuminate\\Pipeline\\Pipeline::carry():194}:195}(Object(Illuminate\\Http\\Request))\n#47 C:\\wamp64\\www\\freelance-ci\\backend\\vendor\\laravel\\framework\\src\\Illuminate\\Foundation\\Http\\Kernel.php(175): Illuminate\\Pipeline\\Pipeline->then(Object(Closure))\n#48 C:\\wamp64\\www\\freelance-ci\\backend\\vendor\\laravel\\framework\\src\\Illuminate\\Foundation\\Http\\Kernel.php(144): Illuminate\\Foundation\\Http\\Kernel->sendRequestThroughRouter(Object(Illuminate\\Http\\Request))\n#49 C:\\wamp64\\www\\freelance-ci\\backend\\vendor\\laravel\\framework\\src\\Illuminate\\Foundation\\Testing\\Concerns\\MakesHttpRequests.php(607): Illuminate\\Foundation\\Http\\Kernel->handle(Object(Illuminate\\Http\\Request))\n#50 C:\\wamp64\\www\\freelance-ci\\backend\\vendor\\laravel\\framework\\src\\Illuminate\\Foundation\\Testing\\Concerns\\MakesHttpRequests.php(573): Illuminate\\Foundation\\Testing\\TestCase->call('POST', '/api/profiles/f...', Array, Array, Array, Array, '{\"skill_id\":\"01...')\n#51 C:\\wamp64\\www\\freelance-ci\\backend\\vendor\\laravel\\framework\\src\\Illuminate\\Foundation\\Testing\\Concerns\\MakesHttpRequests.php(411): Illuminate\\Foundation\\Testing\\TestCase->json('POST', '/api/profiles/f...', Array, Array, 0)\n#52 C:\\wamp64\\www\\freelance-ci\\backend\\tests\\Feature\\Api\\ProfileControllerTest.php(103): Illuminate\\Foundation\\Testing\\TestCase->postJson('/api/profiles/f...', Array)\n#53 C:\\wamp64\\www\\freelance-ci\\backend\\vendor\\phpunit\\phpunit\\src\\Framework\\TestCase.php(1314): Tests\\Feature\\Api\\ProfileControllerTest->test_can_add_skill()\n#54 C:\\wamp64\\www\\freelance-ci\\backend\\vendor\\phpunit\\phpunit\\src\\Framework\\TestCase.php(1351): PHPUnit\\Framework\\TestCase->invokeTestMethod('test_can_add_sk...', Array)\n#55 C:\\wamp64\\www\\freelance-ci\\backend\\vendor\\phpunit\\phpunit\\src\\Framework\\TestCase.php(521): PHPUnit\\Framework\\TestCase->runTest()\n#56 C:\\wamp64\\www\\freelance-ci\\backend\\vendor\\phpunit\\phpunit\\src\\Framework\\TestRunner\\TestRunner.php(99): PHPUnit\\Framework\\TestCase->runBare()\n#57 C:\\wamp64\\www\\freelance-ci\\backend\\vendor\\phpunit\\phpunit\\src\\Framework\\TestCase.php(361): PHPUnit\\Framework\\TestRunner->run(Object(Tests\\Feature\\Api\\ProfileControllerTest))\n#58 C:\\wamp64\\www\\freelance-ci\\backend\\vendor\\phpunit\\phpunit\\src\\Framework\\TestSuite.php(374): PHPUnit\\Framework\\TestCase->run()\n#59 C:\\wamp64\\www\\freelance-ci\\backend\\vendor\\phpunit\\phpunit\\src\\Framework\\TestSuite.php(374): PHPUnit\\Framework\\TestSuite->run()\n#60 C:\\wamp64\\www\\freelance-ci\\backend\\vendor\\phpunit\\phpunit\\src\\Framework\\TestSuite.php(374): PHPUnit\\Framework\\TestSuite->run()\n#61 C:\\wamp64\\www\\freelance-ci\\backend\\vendor\\phpunit\\phpunit\\src\\TextUI\\TestRunner.php(64): PHPUnit\\Framework\\TestSuite->run()\n#62 C:\\wamp64\\www\\freelance-ci\\backend\\vendor\\phpunit\\phpunit\\src\\TextUI\\Application.php(229): PHPUnit\\TextUI\\TestRunner->run(Object(PHPUnit\\TextUI\\Configuration\\Configuration), Object(PHPUnit\\Runner\\ResultCache\\DefaultResultCache), Object(PHPUnit\\Framework\\TestSuite))\n#63 C:\\wamp64\\www\\freelance-ci\\backend\\vendor\\phpunit\\phpunit\\phpunit(104): PHPUnit\\TextUI\\Application->run(Array)\n#64 C:\\wamp64\\www\\freelance-ci\\backend\\vendor\\bin\\phpunit(122): include('C:\\\\wamp64\\\\www\\\\f...')\n#65 {main}\n\nNext Illuminate\\Database\\QueryException: SQLSTATE[23000]: Integrity constraint violation: 19 NOT NULL constraint failed: freelance_skills.id (Connection: sqlite, Database: :memory:, SQL: insert into \"freelance_skills\" (\"freelance_id\", \"proficiency_level\", \"skill_id\") values (019e8822-a298-7207-8fae-0b87d2918f11, avance, 019e8822-a2a9-73ba-941b-8000f2384866)) in C:\\wamp64\\www\\freelance-ci\\backend\\vendor\\laravel\\framework\\src\\Illuminate\\Database\\Connection.php:841\nStack trace:\n#0 C:\\wamp64\\www\\freelance-ci\\backend\\vendor\\laravel\\framework\\src\\Illuminate\\Database\\Connection.php(797): Illuminate\\Database\\Connection->runQueryCallback('insert into \"fr...', Array, Object(Closure))\n#1 C:\\wamp64\\www\\freelance-ci\\backend\\vendor\\laravel\\framework\\src\\Illuminate\\Database\\Connection.php(576): Illuminate\\Database\\Connection->run('insert into \"fr...', Array, Object(Closure))\n#2 C:\\wamp64\\www\\freelance-ci\\backend\\vendor\\laravel\\framework\\src\\Illuminate\\Database\\Connection.php(540): Illuminate\\Database\\Connection->statement('insert into \"fr...', Array)\n#3 C:\\wamp64\\www\\freelance-ci\\backend\\vendor\\laravel\\framework\\src\\Illuminate\\Database\\Query\\Builder.php(4158): Illuminate\\Database\\Connection->insert('insert into \"fr...', Array)\n#4 C:\\wamp64\\www\\freelance-ci\\backend\\vendor\\laravel\\framework\\src\\Illuminate\\Database\\Eloquent\\Relations\\Concerns\\InteractsWithPivotTable.php(345): Illuminate\\Database\\Query\\Builder->insert(Array)\n#5 C:\\wamp64\\www\\freelance-ci\\backend\\vendor\\laravel\\framework\\src\\Illuminate\\Database\\Eloquent\\Relations\\Concerns\\InteractsWithPivotTable.php(243): Illuminate\\Database\\Eloquent\\Relations\\BelongsToMany->attach('019e8822-a2a9-7...', Array, false)\n#6 C:\\wamp64\\www\\freelance-ci\\backend\\vendor\\laravel\\framework\\src\\Illuminate\\Database\\Eloquent\\Relations\\Concerns\\InteractsWithPivotTable.php(133): Illuminate\\Database\\Eloquent\\Relations\\BelongsToMany->attachNew(Array, Array, false)\n#7 C:\\wamp64\\www\\freelance-ci\\backend\\vendor\\laravel\\framework\\src\\Illuminate\\Database\\Eloquent\\Relations\\Concerns\\InteractsWithPivotTable.php(88): Illuminate\\Database\\Eloquent\\Relations\\BelongsToMany->sync(Array, false)\n#8 C:\\wamp64\\www\\freelance-ci\\backend\\app\\Services\\ProfileService.php(65): Illuminate\\Database\\Eloquent\\Relations\\BelongsToMany->syncWithoutDetaching(Array)\n#9 C:\\wamp64\\www\\freelance-ci\\backend\\app\\Http\\Controllers\\Api\\V1\\ProfileController.php(150): App\\Services\\ProfileService->addSkill(Object(App\\Models\\User), Array)\n#10 C:\\wamp64\\www\\freelance-ci\\backend\\vendor\\laravel\\framework\\src\\Illuminate\\Routing\\ControllerDispatcher.php(46): App\\Http\\Controllers\\Api\\V1\\ProfileController->addSkill(Object(Illuminate\\Http\\Request))\n#11 C:\\wamp64\\www\\freelance-ci\\backend\\vendor\\laravel\\framework\\src\\Illuminate\\Routing\\Route.php(269): Illuminate\\Routing\\ControllerDispatcher->dispatch(Object(Illuminate\\Routing\\Route), Object(App\\Http\\Controllers\\Api\\V1\\ProfileController), 'addSkill')\n#12 C:\\wamp64\\www\\freelance-ci\\backend\\vendor\\laravel\\framework\\src\\Illuminate\\Routing\\Route.php(215): Illuminate\\Routing\\Route->runController()\n#13 C:\\wamp64\\www\\freelance-ci\\backend\\vendor\\laravel\\framework\\src\\Illuminate\\Routing\\Router.php(822): Illuminate\\Routing\\Route->run()\n#14 C:\\wamp64\\www\\freelance-ci\\backend\\vendor\\laravel\\framework\\src\\Illuminate\\Pipeline\\Pipeline.php(180): Illuminate\\Routing\\Router->{closure:Illuminate\\Routing\\Router::runRouteWithinStack():821}(Object(Illuminate\\Http\\Request))\n#15 C:\\wamp64\\www\\freelance-ci\\backend\\app\\Http\\Middleware\\SupabaseJwtMiddleware.php(33): Illuminate\\Pipeline\\Pipeline->{closure:Illuminate\\Pipeline\\Pipeline::prepareDestination():178}(Object(Illuminate\\Http\\Request))\n#16 C:\\wamp64\\www\\freelance-ci\\backend\\vendor\\laravel\\framework\\src\\Illuminate\\Pipeline\\Pipeline.php(219): App\\Http\\Middleware\\SupabaseJwtMiddleware->handle(Object(Illuminate\\Http\\Request), Object(Closure))\n#17 C:\\wamp64\\www\\freelance-ci\\backend\\vendor\\laravel\\framework\\src\\Illuminate\\Routing\\Middleware\\SubstituteBindings.php(52): Illuminate\\Pipeline\\Pipeline->{closure:{closure:Illuminate\\Pipeline\\Pipeline::carry():194}:195}(Object(Illuminate\\Http\\Request))\n#18 C:\\wamp64\\www\\freelance-ci\\backend\\vendor\\laravel\\framework\\src\\Illuminate\\Pipeline\\Pipeline.php(219): Illuminate\\Routing\\Middleware\\SubstituteBindings->handle(Object(Illuminate\\Http\\Request), Object(Closure))\n#19 C:\\wamp64\\www\\freelance-ci\\backend\\vendor\\laravel\\framework\\src\\Illuminate\\Pipeline\\Pipeline.php(137): Illuminate\\Pipeline\\Pipeline->{closure:{closure:Illuminate\\Pipeline\\Pipeline::carry():194}:195}(Object(Illuminate\\Http\\Request))\n#20 C:\\wamp64\\www\\freelance-ci\\backend\\vendor\\laravel\\framework\\src\\Illuminate\\Routing\\Router.php(821): Illuminate\\Pipeline\\Pipeline->then(Object(Closure))\n#21 C:\\wamp64\\www\\freelance-ci\\backend\\vendor\\laravel\\framework\\src\\Illuminate\\Routing\\Router.php(800): Illuminate\\Routing\\Router->runRouteWithinStack(Object(Illuminate\\Routing\\Route), Object(Illuminate\\Http\\Request))\n#22 C:\\wamp64\\www\\freelance-ci\\backend\\vendor\\laravel\\framework\\src\\Illuminate\\Routing\\Router.php(764): Illuminate\\Routing\\Router->runRoute(Object(Illuminate\\Http\\Request), Object(Illuminate\\Routing\\Route))\n#23 C:\\wamp64\\www\\freelance-ci\\backend\\vendor\\laravel\\framework\\src\\Illuminate\\Routing\\Router.php(753): Illuminate\\Routing\\Router->dispatchToRoute(Object(Illuminate\\Http\\Request))\n#24 C:\\wamp64\\www\\freelance-ci\\backend\\vendor\\laravel\\framework\\src\\Illuminate\\Foundation\\Http\\Kernel.php(200): Illuminate\\Routing\\Router->dispatch(Object(Illuminate\\Http\\Request))\n#25 C:\\wamp64\\www\\freelance-ci\\backend\\vendor\\laravel\\framework\\src\\Illuminate\\Pipeline\\Pipeline.php(180): Illuminate\\Foundation\\Http\\Kernel->{closure:Illuminate\\Foundation\\Http\\Kernel::dispatchToRouter():197}(Object(Illuminate\\Http\\Request))\n#26 C:\\wamp64\\www\\freelance-ci\\backend\\vendor\\laravel\\framework\\src\\Illuminate\\Foundation\\Http\\Middleware\\TransformsRequest.php(21): Illuminate\\Pipeline\\Pipeline->{closure:Illuminate\\Pipeline\\Pipeline::prepareDestination():178}(Object(Illuminate\\Http\\Request))\n#27 C:\\wamp64\\www\\freelance-ci\\backend\\vendor\\laravel\\framework\\src\\Illuminate\\Foundation\\Http\\Middleware\\ConvertEmptyStringsToNull.php(31): Illuminate\\Foundation\\Http\\Middleware\\TransformsRequest->handle(Object(Illuminate\\Http\\Request), Object(Closure))\n#28 C:\\wamp64\\www\\freelance-ci\\backend\\vendor\\laravel\\framework\\src\\Illuminate\\Pipeline\\Pipeline.php(219): Illuminate\\Foundation\\Http\\Middleware\\ConvertEmptyStringsToNull->handle(Object(Illuminate\\Http\\Request), Object(Closure))\n#29 C:\\wamp64\\www\\freelance-ci\\backend\\vendor\\laravel\\framework\\src\\Illuminate\\Foundation\\Http\\Middleware\\TransformsRequest.php(21): Illuminate\\Pipeline\\Pipeline->{closure:{closure:Illuminate\\Pipeline\\Pipeline::carry():194}:195}(Object(Illuminate\\Http\\Request))\n#30 C:\\wamp64\\www\\freelance-ci\\backend\\vendor\\laravel\\framework\\src\\Illuminate\\Foundation\\Http\\Middleware\\TrimStrings.php(51): Illuminate\\Foundation\\Http\\Middleware\\TransformsRequest->handle(Object(Illuminate\\Http\\Request), Object(Closure))\n#31 C:\\wamp64\\www\\freelance-ci\\backend\\vendor\\laravel\\framework\\src\\Illuminate\\Pipeline\\Pipeline.php(219): Illuminate\\Foundation\\Http\\Middleware\\TrimStrings->handle(Object(Illuminate\\Http\\Request), Object(Closure))\n#32 C:\\wamp64\\www\\freelance-ci\\backend\\vendor\\laravel\\framework\\src\\Illuminate\\Http\\Middleware\\ValidatePostSize.php(27): Illuminate\\Pipeline\\Pipeline->{closure:{closure:Illuminate\\Pipeline\\Pipeline::carry():194}:195}(Object(Illuminate\\Http\\Request))\n#33 C:\\wamp64\\www\\freelance-ci\\backend\\vendor\\laravel\\framework\\src\\Illuminate\\Pipeline\\Pipeline.php(219): Illuminate\\Http\\Middleware\\ValidatePostSize->handle(Object(Illuminate\\Http\\Request), Object(Closure))\n#34 C:\\wamp64\\www\\freelance-ci\\backend\\vendor\\laravel\\framework\\src\\Illuminate\\Foundation\\Http\\Middleware\\PreventRequestsDuringMaintenance.php(109): Illuminate\\Pipeline\\Pipeline->{closure:{closure:Illuminate\\Pipeline\\Pipeline::carry():194}:195}(Object(Illuminate\\Http\\Request))\n#35 C:\\wamp64\\www\\freelance-ci\\backend\\vendor\\laravel\\framework\\src\\Illuminate\\Pipeline\\Pipeline.php(219): Illuminate\\Foundation\\Http\\Middleware\\PreventRequestsDuringMaintenance->handle(Object(Illuminate\\Http\\Request), Object(Closure))\n#36 C:\\wamp64\\www\\freelance-ci\\backend\\vendor\\laravel\\framework\\src\\Illuminate\\Http\\Middleware\\HandleCors.php(74): Illuminate\\Pipeline\\Pipeline->{closure:{closure:Illuminate\\Pipeline\\Pipeline::carry():194}:195}(Object(Illuminate\\Http\\Request))\n#37 C:\\wamp64\\www\\freelance-ci\\backend\\vendor\\laravel\\framework\\src\\Illuminate\\Pipeline\\Pipeline.php(219): Illuminate\\Http\\Middleware\\HandleCors->handle(Object(Illuminate\\Http\\Request), Object(Closure))\n#38 C:\\wamp64\\www\\freelance-ci\\backend\\vendor\\laravel\\framework\\src\\Illuminate\\Http\\Middleware\\TrustProxies.php(58): Illuminate\\Pipeline\\Pipeline->{closure:{closure:Illuminate\\Pipeline\\Pipeline::carry():194}:195}(Object(Illuminate\\Http\\Request))\n#39 C:\\wamp64\\www\\freelance-ci\\backend\\vendor\\laravel\\framework\\src\\Illuminate\\Pipeline\\Pipeline.php(219): Illuminate\\Http\\Middleware\\TrustProxies->handle(Object(Illuminate\\Http\\Request), Object(Closure))\n#40 C:\\wamp64\\www\\freelance-ci\\backend\\vendor\\laravel\\framework\\src\\Illuminate\\Foundation\\Http\\Middleware\\InvokeDeferredCallbacks.php(22): Illuminate\\Pipeline\\Pipeline->{closure:{closure:Illuminate\\Pipeline\\Pipeline::carry():194}:195}(Object(Illuminate\\Http\\Request))\n#41 C:\\wamp64\\www\\freelance-ci\\backend\\vendor\\laravel\\framework\\src\\Illuminate\\Pipeline\\Pipeline.php(219): Illuminate\\Foundation\\Http\\Middleware\\InvokeDeferredCallbacks->handle(Object(Illuminate\\Http\\Request), Object(Closure))\n#42 C:\\wamp64\\www\\freelance-ci\\backend\\vendor\\laravel\\framework\\src\\Illuminate\\Http\\Middleware\\ValidatePathEncoding.php(28): Illuminate\\Pipeline\\Pipeline->{closure:{closure:Illuminate\\Pipeline\\Pipeline::carry():194}:195}(Object(Illuminate\\Http\\Request))\n#43 C:\\wamp64\\www\\freelance-ci\\backend\\vendor\\laravel\\framework\\src\\Illuminate\\Pipeline\\Pipeline.php(219): Illuminate\\Http\\Middleware\\ValidatePathEncoding->handle(Object(Illuminate\\Http\\Request), Object(Closure))\n#44 C:\\wamp64\\www\\freelance-ci\\backend\\vendor\\laravel\\framework\\src\\Illuminate\\Pipeline\\Pipeline.php(137): Illuminate\\Pipeline\\Pipeline->{closure:{closure:Illuminate\\Pipeline\\Pipeline::carry():194}:195}(Object(Illuminate\\Http\\Request))\n#45 C:\\wamp64\\www\\freelance-ci\\backend\\vendor\\laravel\\framework\\src\\Illuminate\\Foundation\\Http\\Kernel.php(175): Illuminate\\Pipeline\\Pipeline->then(Object(Closure))\n#46 C:\\wamp64\\www\\freelance-ci\\backend\\vendor\\laravel\\framework\\src\\Illuminate\\Foundation\\Http\\Kernel.php(144): Illuminate\\Foundation\\Http\\Kernel->sendRequestThroughRouter(Object(Illuminate\\Http\\Request))\n#47 C:\\wamp64\\www\\freelance-ci\\backend\\vendor\\laravel\\framework\\src\\Illuminate\\Foundation\\Testing\\Concerns\\MakesHttpRequests.php(607): Illuminate\\Foundation\\Http\\Kernel->handle(Object(Illuminate\\Http\\Request))\n#48 C:\\wamp64\\www\\freelance-ci\\backend\\vendor\\laravel\\framework\\src\\Illuminate\\Foundation\\Testing\\Concerns\\MakesHttpRequests.php(573): Illuminate\\Foundation\\Testing\\TestCase->call('POST', '/api/profiles/f...', Array, Array, Array, Array, '{\"skill_id\":\"01...')\n#49 C:\\wamp64\\www\\freelance-ci\\backend\\vendor\\laravel\\framework\\src\\Illuminate\\Foundation\\Testing\\Concerns\\MakesHttpRequests.php(411): Illuminate\\Foundation\\Testing\\TestCase->json('POST', '/api/profiles/f...', Array, Array, 0)\n#50 C:\\wamp64\\www\\freelance-ci\\backend\\tests\\Feature\\Api\\ProfileControllerTest.php(103): Illuminate\\Foundation\\Testing\\TestCase->postJson('/api/profiles/f...', Array)\n#51 C:\\wamp64\\www\\freelance-ci\\backend\\vendor\\phpunit\\phpunit\\src\\Framework\\TestCase.php(1314): Tests\\Feature\\Api\\ProfileControllerTest->test_can_add_skill()\n#52 C:\\wamp64\\www\\freelance-ci\\backend\\vendor\\phpunit\\phpunit\\src\\Framework\\TestCase.php(1351): PHPUnit\\Framework\\TestCase->invokeTestMethod('test_can_add_sk...', Array)\n#53 C:\\wamp64\\www\\freelance-ci\\backend\\vendor\\phpunit\\phpunit\\src\\Framework\\TestCase.php(521): PHPUnit\\Framework\\TestCase->runTest()\n#54 C:\\wamp64\\www\\freelance-ci\\backend\\vendor\\phpunit\\phpunit\\src\\Framework\\TestRunner\\TestRunner.php(99): PHPUnit\\Framework\\TestCase->runBare()\n#55 C:\\wamp64\\www\\freelance-ci\\backend\\vendor\\phpunit\\phpunit\\src\\Framework\\TestCase.php(361): PHPUnit\\Framework\\TestRunner->run(Object(Tests\\Feature\\Api\\ProfileControllerTest))\n#56 C:\\wamp64\\www\\freelance-ci\\backend\\vendor\\phpunit\\phpunit\\src\\Framework\\TestSuite.php(374): PHPUnit\\Framework\\TestCase->run()\n#57 C:\\wamp64\\www\\freelance-ci\\backend\\vendor\\phpunit\\phpunit\\src\\Framework\\TestSuite.php(374): PHPUnit\\Framework\\TestSuite->run()\n#58 C:\\wamp64\\www\\freelance-ci\\backend\\vendor\\phpunit\\phpunit\\src\\Framework\\TestSuite.php(374): PHPUnit\\Framework\\TestSuite->run()\n#59 C:\\wamp64\\www\\freelance-ci\\backend\\vendor\\phpunit\\phpunit\\src\\TextUI\\TestRunner.php(64): PHPUnit\\Framework\\TestSuite->run()\n#60 C:\\wamp64\\www\\freelance-ci\\backend\\vendor\\phpunit\\phpunit\\src\\TextUI\\Application.php(229): PHPUnit\\TextUI\\TestRunner->run(Object(PHPUnit\\TextUI\\Configuration\\Configuration), Object(PHPUnit\\Runner\\ResultCache\\DefaultResultCache), Object(PHPUnit\\Framework\\TestSuite))\n#61 C:\\wamp64\\www\\freelance-ci\\backend\\vendor\\phpunit\\phpunit\\phpunit(104): PHPUnit\\TextUI\\Application->run(Array)\n#62 C:\\wamp64\\www\\freelance-ci\\backend\\vendor\\bin\\phpunit(122): include('C:\\\\wamp64\\\\www\\\\f...')\n#63 {main}\n\n----------------------------------------------------------------------------------\n\nSQLSTATE[23000]: Integrity constraint violation: 19 NOT NULL constraint failed: freelance_skills.id (Connection: sqlite, Database: :memory:, SQL: insert into \"freelance_skills\" (\"freelance_id\", \"proficiency_level\", \"skill_id\") values (019e8822-a298-7207-8fae-0b87d2918f11, avance, 019e8822-a2a9-73ba-941b-8000f2384866))"},{"test":"Tests\\Feature\\Api\\QuoteControllerTest::test_can_create_quote","file":"C:\\wamp64\\www\\freelance-ci\\backend\\tests\\Feature\\Api\\QuoteControllerTest.php","line":28,"message":"Expected response status code [201] but received 500.\nFailed asserting that 500 is identical to 201.\r\n\r\nThe following exception occurred during the last request:\n\nTypeError: App\\Models\\User::subscription(): Return value must be of type Illuminate\\Database\\Eloquent\\Relations\\HasOne, Illuminate\\Database\\Eloquent\\Relations\\HasOneThrough returned in C:\\wamp64\\www\\freelance-ci\\backend\\app\\Models\\User.php:171\nStack trace:\n#0 C:\\wamp64\\www\\freelance-ci\\backend\\vendor\\laravel\\framework\\src\\Illuminate\\Database\\Eloquent\\Concerns\\HasAttributes.php(637): App\\Models\\User->subscription()\n#1 C:\\wamp64\\www\\freelance-ci\\backend\\vendor\\laravel\\framework\\src\\Illuminate\\Database\\Eloquent\\Concerns\\HasAttributes.php(587): Illuminate\\Database\\Eloquent\\Model->getRelationshipFromMethod('subscription')\n#2 C:\\wamp64\\www\\freelance-ci\\backend\\vendor\\laravel\\framework\\src\\Illuminate\\Database\\Eloquent\\Concerns\\HasAttributes.php(506): Illuminate\\Database\\Eloquent\\Model->getRelationValue('subscription')\n#3 C:\\wamp64\\www\\freelance-ci\\backend\\vendor\\laravel\\framework\\src\\Illuminate\\Database\\Eloquent\\Model.php(2690): Illuminate\\Database\\Eloquent\\Model->getAttribute('subscription')\n#4 C:\\wamp64\\www\\freelance-ci\\backend\\app\\Services\\QuoteService.php(189): Illuminate\\Database\\Eloquent\\Model->__get('subscription')\n#5 C:\\wamp64\\www\\freelance-ci\\backend\\app\\Services\\QuoteService.php(102): App\\Services\\QuoteService->checkSubscriptionLimits(Object(App\\Models\\User))\n#6 C:\\wamp64\\www\\freelance-ci\\backend\\app\\Services\\QuoteService.php(73): App\\Services\\QuoteService->createQuote(Object(App\\Models\\User), '019e8822-ab02-7...', Array)\n#7 C:\\wamp64\\www\\freelance-ci\\backend\\app\\Http\\Controllers\\Api\\V1\\QuoteController.php(57): App\\Services\\QuoteService->create(Object(App\\Models\\User), '019e8822-ab02-7...', Array)\n#8 C:\\wamp64\\www\\freelance-ci\\backend\\vendor\\laravel\\framework\\src\\Illuminate\\Routing\\ControllerDispatcher.php(46): App\\Http\\Controllers\\Api\\V1\\QuoteController->store('019e8822-ab02-7...', Object(Illuminate\\Http\\Request))\n#9 C:\\wamp64\\www\\freelance-ci\\backend\\vendor\\laravel\\framework\\src\\Illuminate\\Routing\\Route.php(269): Illuminate\\Routing\\ControllerDispatcher->dispatch(Object(Illuminate\\Routing\\Route), Object(App\\Http\\Controllers\\Api\\V1\\QuoteController), 'store')\n#10 C:\\wamp64\\www\\freelance-ci\\backend\\vendor\\laravel\\framework\\src\\Illuminate\\Routing\\Route.php(215): Illuminate\\Routing\\Route->runController()\n#11 C:\\wamp64\\www\\freelance-ci\\backend\\vendor\\laravel\\framework\\src\\Illuminate\\Routing\\Router.php(822): Illuminate\\Routing\\Route->run()\n#12 C:\\wamp64\\www\\freelance-ci\\backend\\vendor\\laravel\\framework\\src\\Illuminate\\Pipeline\\Pipeline.php(180): Illuminate\\Routing\\Router->{closure:Illuminate\\Routing\\Router::runRouteWithinStack():821}(Object(Illuminate\\Http\\Request))\n#13 C:\\wamp64\\www\\freelance-ci\\backend\\app\\Http\\Middleware\\SupabaseJwtMiddleware.php(33): Illuminate\\Pipeline\\Pipeline->{closure:Illuminate\\Pipeline\\Pipeline::prepareDestination():178}(Object(Illuminate\\Http\\Request))\n#14 C:\\wamp64\\www\\freelance-ci\\backend\\vendor\\laravel\\framework\\src\\Illuminate\\Pipeline\\Pipeline.php(219): App\\Http\\Middleware\\SupabaseJwtMiddleware->handle(Object(Illuminate\\Http\\Request), Object(Closure))\n#15 C:\\wamp64\\www\\freelance-ci\\backend\\vendor\\laravel\\framework\\src\\Illuminate\\Routing\\Middleware\\SubstituteBindings.php(52): Illuminate\\Pipeline\\Pipeline->{closure:{closure:Illuminate\\Pipeline\\Pipeline::carry():194}:195}(Object(Illuminate\\Http\\Request))\n#16 C:\\wamp64\\www\\freelance-ci\\backend\\vendor\\laravel\\framework\\src\\Illuminate\\Pipeline\\Pipeline.php(219): Illuminate\\Routing\\Middleware\\SubstituteBindings->handle(Object(Illuminate\\Http\\Request), Object(Closure))\n#17 C:\\wamp64\\www\\freelance-ci\\backend\\vendor\\laravel\\framework\\src\\Illuminate\\Pipeline\\Pipeline.php(137): Illuminate\\Pipeline\\Pipeline->{closure:{closure:Illuminate\\Pipeline\\Pipeline::carry():194}:195}(Object(Illuminate\\Http\\Request))\n#18 C:\\wamp64\\www\\freelance-ci\\backend\\vendor\\laravel\\framework\\src\\Illuminate\\Routing\\Router.php(821): Illuminate\\Pipeline\\Pipeline->then(Object(Closure))\n#19 C:\\wamp64\\www\\freelance-ci\\backend\\vendor\\laravel\\framework\\src\\Illuminate\\Routing\\Router.php(800): Illuminate\\Routing\\Router->runRouteWithinStack(Object(Illuminate\\Routing\\Route), Object(Illuminate\\Http\\Request))\n#20 C:\\wamp64\\www\\freelance-ci\\backend\\vendor\\laravel\\framework\\src\\Illuminate\\Routing\\Router.php(764): Illuminate\\Routing\\Router->runRoute(Object(Illuminate\\Http\\Request), Object(Illuminate\\Routing\\Route))\n#21 C:\\wamp64\\www\\freelance-ci\\backend\\vendor\\laravel\\framework\\src\\Illuminate\\Routing\\Router.php(753): Illuminate\\Routing\\Router->dispatchToRoute(Object(Illuminate\\Http\\Request))\n#22 C:\\wamp64\\www\\freelance-ci\\backend\\vendor\\laravel\\framework\\src\\Illuminate\\Foundation\\Http\\Kernel.php(200): Illuminate\\Routing\\Router->dispatch(Object(Illuminate\\Http\\Request))\n#23 C:\\wamp64\\www\\freelance-ci\\backend\\vendor\\laravel\\framework\\src\\Illuminate\\Pipeline\\Pipeline.php(180): Illuminate\\Foundation\\Http\\Kernel->{closure:Illuminate\\Foundation\\Http\\Kernel::dispatchToRouter():197}(Object(Illuminate\\Http\\Request))\n#24 C:\\wamp64\\www\\freelance-ci\\backend\\vendor\\laravel\\framework\\src\\Illuminate\\Foundation\\Http\\Middleware\\TransformsRequest.php(21): Illuminate\\Pipeline\\Pipeline->{closure:Illuminate\\Pipeline\\Pipeline::prepareDestination():178}(Object(Illuminate\\Http\\Request))\n#25 C:\\wamp64\\www\\freelance-ci\\backend\\vendor\\laravel\\framework\\src\\Illuminate\\Foundation\\Http\\Middleware\\ConvertEmptyStringsToNull.php(31): Illuminate\\Foundation\\Http\\Middleware\\TransformsRequest->handle(Object(Illuminate\\Http\\Request), Object(Closure))\n#26 C:\\wamp64\\www\\freelance-ci\\backend\\vendor\\laravel\\framework\\src\\Illuminate\\Pipeline\\Pipeline.php(219): Illuminate\\Foundation\\Http\\Middleware\\ConvertEmptyStringsToNull->handle(Object(Illuminate\\Http\\Request), Object(Closure))\n#27 C:\\wamp64\\www\\freelance-ci\\backend\\vendor\\laravel\\framework\\src\\Illuminate\\Foundation\\Http\\Middleware\\TransformsRequest.php(21): Illuminate\\Pipeline\\Pipeline->{closure:{closure:Illuminate\\Pipeline\\Pipeline::carry():194}:195}(Object(Illuminate\\Http\\Request))\n#28 C:\\wamp64\\www\\freelance-ci\\backend\\vendor\\laravel\\framework\\src\\Illuminate\\Foundation\\Http\\Middleware\\TrimStrings.php(51): Illuminate\\Foundation\\Http\\Middleware\\TransformsRequest->handle(Object(Illuminate\\Http\\Request), Object(Closure))\n#29 C:\\wamp64\\www\\freelance-ci\\backend\\vendor\\laravel\\framework\\src\\Illuminate\\Pipeline\\Pipeline.php(219): Illuminate\\Foundation\\Http\\Middleware\\TrimStrings->handle(Object(Illuminate\\Http\\Request), Object(Closure))\n#30 C:\\wamp64\\www\\freelance-ci\\backend\\vendor\\laravel\\framework\\src\\Illuminate\\Http\\Middleware\\ValidatePostSize.php(27): Illuminate\\Pipeline\\Pipeline->{closure:{closure:Illuminate\\Pipeline\\Pipeline::carry():194}:195}(Object(Illuminate\\Http\\Request))\n#31 C:\\wamp64\\www\\freelance-ci\\backend\\vendor\\laravel\\framework\\src\\Illuminate\\Pipeline\\Pipeline.php(219): Illuminate\\Http\\Middleware\\ValidatePostSize->handle(Object(Illuminate\\Http\\Request), Object(Closure))\n#32 C:\\wamp64\\www\\freelance-ci\\backend\\vendor\\laravel\\framework\\src\\Illuminate\\Foundation\\Http\\Middleware\\PreventRequestsDuringMaintenance.php(109): Illuminate\\Pipeline\\Pipeline->{closure:{closure:Illuminate\\Pipeline\\Pipeline::carry():194}:195}(Object(Illuminate\\Http\\Request))\n#33 C:\\wamp64\\www\\freelance-ci\\backend\\vendor\\laravel\\framework\\src\\Illuminate\\Pipeline\\Pipeline.php(219): Illuminate\\Foundation\\Http\\Middleware\\PreventRequestsDuringMaintenance->handle(Object(Illuminate\\Http\\Request), Object(Closure))\n#34 C:\\wamp64\\www\\freelance-ci\\backend\\vendor\\laravel\\framework\\src\\Illuminate\\Http\\Middleware\\HandleCors.php(74): Illuminate\\Pipeline\\Pipeline->{closure:{closure:Illuminate\\Pipeline\\Pipeline::carry():194}:195}(Object(Illuminate\\Http\\Request))\n#35 C:\\wamp64\\www\\freelance-ci\\backend\\vendor\\laravel\\framework\\src\\Illuminate\\Pipeline\\Pipeline.php(219): Illuminate\\Http\\Middleware\\HandleCors->handle(Object(Illuminate\\Http\\Request), Object(Closure))\n#36 C:\\wamp64\\www\\freelance-ci\\backend\\vendor\\laravel\\framework\\src\\Illuminate\\Http\\Middleware\\TrustProxies.php(58): Illuminate\\Pipeline\\Pipeline->{closure:{closure:Illuminate\\Pipeline\\Pipeline::carry():194}:195}(Object(Illuminate\\Http\\Request))\n#37 C:\\wamp64\\www\\freelance-ci\\backend\\vendor\\laravel\\framework\\src\\Illuminate\\Pipeline\\Pipeline.php(219): Illuminate\\Http\\Middleware\\TrustProxies->handle(Object(Illuminate\\Http\\Request), Object(Closure))\n#38 C:\\wamp64\\www\\freelance-ci\\backend\\vendor\\laravel\\framework\\src\\Illuminate\\Foundation\\Http\\Middleware\\InvokeDeferredCallbacks.php(22): Illuminate\\Pipeline\\Pipeline->{closure:{closure:Illuminate\\Pipeline\\Pipeline::carry():194}:195}(Object(Illuminate\\Http\\Request))\n#39 C:\\wamp64\\www\\freelance-ci\\backend\\vendor\\laravel\\framework\\src\\Illuminate\\Pipeline\\Pipeline.php(219): Illuminate\\Foundation\\Http\\Middleware\\InvokeDeferredCallbacks->handle(Object(Illuminate\\Http\\Request), Object(Closure))\n#40 C:\\wamp64\\www\\freelance-ci\\backend\\vendor\\laravel\\framework\\src\\Illuminate\\Http\\Middleware\\ValidatePathEncoding.php(28): Illuminate\\Pipeline\\Pipeline->{closure:{closure:Illuminate\\Pipeline\\Pipeline::carry():194}:195}(Object(Illuminate\\Http\\Request))\n#41 C:\\wamp64\\www\\freelance-ci\\backend\\vendor\\laravel\\framework\\src\\Illuminate\\Pipeline\\Pipeline.php(219): Illuminate\\Http\\Middleware\\ValidatePathEncoding->handle(Object(Illuminate\\Http\\Request), Object(Closure))\n#42 C:\\wamp64\\www\\freelance-ci\\backend\\vendor\\laravel\\framework\\src\\Illuminate\\Pipeline\\Pipeline.php(137): Illuminate\\Pipeline\\Pipeline->{closure:{closure:Illuminate\\Pipeline\\Pipeline::carry():194}:195}(Object(Illuminate\\Http\\Request))\n#43 C:\\wamp64\\www\\freelance-ci\\backend\\vendor\\laravel\\framework\\src\\Illuminate\\Foundation\\Http\\Kernel.php(175): Illuminate\\Pipeline\\Pipeline->then(Object(Closure))\n#44 C:\\wamp64\\www\\freelance-ci\\backend\\vendor\\laravel\\framework\\src\\Illuminate\\Foundation\\Http\\Kernel.php(144): Illuminate\\Foundation\\Http\\Kernel->sendRequestThroughRouter(Object(Illuminate\\Http\\Request))\n#45 C:\\wamp64\\www\\freelance-ci\\backend\\vendor\\laravel\\framework\\src\\Illuminate\\Foundation\\Testing\\Concerns\\MakesHttpRequests.php(607): Illuminate\\Foundation\\Http\\Kernel->handle(Object(Illuminate\\Http\\Request))\n#46 C:\\wamp64\\www\\freelance-ci\\backend\\vendor\\laravel\\framework\\src\\Illuminate\\Foundation\\Testing\\Concerns\\MakesHttpRequests.php(573): Illuminate\\Foundation\\Testing\\TestCase->call('POST', '/api/projects/0...', Array, Array, Array, Array, '{\"amount\":75000...')\n#47 C:\\wamp64\\www\\freelance-ci\\backend\\vendor\\laravel\\framework\\src\\Illuminate\\Foundation\\Testing\\Concerns\\MakesHttpRequests.php(411): Illuminate\\Foundation\\Testing\\TestCase->json('POST', '/api/projects/0...', Array, Array, 0)\n#48 C:\\wamp64\\www\\freelance-ci\\backend\\tests\\Feature\\Api\\QuoteControllerTest.php(34): Illuminate\\Foundation\\Testing\\TestCase->postJson('/api/projects/0...', Array)\n#49 C:\\wamp64\\www\\freelance-ci\\backend\\vendor\\phpunit\\phpunit\\src\\Framework\\TestCase.php(1314): Tests\\Feature\\Api\\QuoteControllerTest->test_can_create_quote()\n#50 C:\\wamp64\\www\\freelance-ci\\backend\\vendor\\phpunit\\phpunit\\src\\Framework\\TestCase.php(1351): PHPUnit\\Framework\\TestCase->invokeTestMethod('test_can_create...', Array)\n#51 C:\\wamp64\\www\\freelance-ci\\backend\\vendor\\phpunit\\phpunit\\src\\Framework\\TestCase.php(521): PHPUnit\\Framework\\TestCase->runTest()\n#52 C:\\wamp64\\www\\freelance-ci\\backend\\vendor\\phpunit\\phpunit\\src\\Framework\\TestRunner\\TestRunner.php(99): PHPUnit\\Framework\\TestCase->runBare()\n#53 C:\\wamp64\\www\\freelance-ci\\backend\\vendor\\phpunit\\phpunit\\src\\Framework\\TestCase.php(361): PHPUnit\\Framework\\TestRunner->run(Object(Tests\\Feature\\Api\\QuoteControllerTest))\n#54 C:\\wamp64\\www\\freelance-ci\\backend\\vendor\\phpunit\\phpunit\\src\\Framework\\TestSuite.php(374): PHPUnit\\Framework\\TestCase->run()\n#55 C:\\wamp64\\www\\freelance-ci\\backend\\vendor\\phpunit\\phpunit\\src\\Framework\\TestSuite.php(374): PHPUnit\\Framework\\TestSuite->run()\n#56 C:\\wamp64\\www\\freelance-ci\\backend\\vendor\\phpunit\\phpunit\\src\\Framework\\TestSuite.php(374): PHPUnit\\Framework\\TestSuite->run()\n#57 C:\\wamp64\\www\\freelance-ci\\backend\\vendor\\phpunit\\phpunit\\src\\TextUI\\TestRunner.php(64): PHPUnit\\Framework\\TestSuite->run()\n#58 C:\\wamp64\\www\\freelance-ci\\backend\\vendor\\phpunit\\phpunit\\src\\TextUI\\Application.php(229): PHPUnit\\TextUI\\TestRunner->run(Object(PHPUnit\\TextUI\\Configuration\\Configuration), Object(PHPUnit\\Runner\\ResultCache\\DefaultResultCache), Object(PHPUnit\\Framework\\TestSuite))\n#59 C:\\wamp64\\www\\freelance-ci\\backend\\vendor\\phpunit\\phpunit\\phpunit(104): PHPUnit\\TextUI\\Application->run(Array)\n#60 C:\\wamp64\\www\\freelance-ci\\backend\\vendor\\bin\\phpunit(122): include('C:\\\\wamp64\\\\www\\\\f...')\n#61 {main}\n\n----------------------------------------------------------------------------------\n\nApp\\Models\\User::subscription(): Return value must be of type Illuminate\\Database\\Eloquent\\Relations\\HasOne, Illuminate\\Database\\Eloquent\\Relations\\HasOneThrough returned"},{"test":"Tests\\Feature\\Api\\ReferralControllerTest::test_can_get_referral_stats","file":"C:\\wamp64\\www\\freelance-ci\\backend\\tests\\Feature\\Api\\ReferralControllerTest.php","line":26,"message":"Failed asserting that an array has the key 'total'."},{"test":"Tests\\Feature\\Api\\ReviewControllerTest::test_can_create_review","file":"C:\\wamp64\\www\\freelance-ci\\backend\\tests\\Feature\\Api\\ReviewControllerTest.php","line":15,"message":"Expected response status code [201] but received 400.\nFailed asserting that 400 is identical to 201."},{"test":"Tests\\Feature\\Api\\ReviewControllerTest::test_can_get_freelance_reviews","file":"C:\\wamp64\\www\\freelance-ci\\backend\\tests\\Feature\\Api\\ReviewControllerTest.php","line":35,"message":"Expected response status code [200] but received 401.\nFailed asserting that 401 is identical to 200."},{"test":"Tests\\Feature\\Api\\ReviewControllerTest::test_can_reply_to_review","file":"C:\\wamp64\\www\\freelance-ci\\backend\\tests\\Feature\\Api\\ReviewControllerTest.php","line":46,"message":"Expected response status code [201] but received 200.\nFailed asserting that 200 is identical to 201."}],"errors":15,"error_details":[{"test":"Tests\\Unit\\Services\\BadgeServiceTest::test_purchase_initiates_payment","file":"C:\\wamp64\\www\\freelance-ci\\backend\\tests\\Unit\\Services\\BadgeServiceTest.php","line":57,"message":"Route [api.v1.payments.callback] not defined."},{"test":"Tests\\Unit\\Services\\BoostServiceTest::test_activate_deactivates_previous_same_type_boosts","file":"C:\\wamp64\\www\\freelance-ci\\backend\\tests\\Unit\\Services\\BoostServiceTest.php","line":60,"message":"SQLSTATE[HY000]: General error: 1 table boosts has no column named target_type (Connection: sqlite, Database: :memory:, SQL: insert into \"boosts\" (\"freelance_profile_id\", \"target\", \"target_id\", \"duration\", \"amount_paid\", \"payment_reference\", \"is_active\", \"started_at\", \"ends_at\", \"target_type\", \"id\", \"updated_at\", \"created_at\") values (019e8822-56f2-723e-8d40-a4f9ec258d82, profile, ?, 7_days, 9440.99, PAY-a9fe415e-2d1e-3d14-ab9e-0312cfc63696, 1, 2026-06-02 11:40:12, 2026-06-23 02:47:06, profile, 019e8822-56f7-71ad-a5b7-93856a0962df, 2026-06-02 11:40:12, 2026-06-02 11:40:12))"},{"test":"Tests\\Unit\\Services\\EscrowServiceTest::test_holdFunds_creates_escrow","file":"C:\\wamp64\\www\\freelance-ci\\backend\\tests\\Unit\\Services\\EscrowServiceTest.php","line":25,"message":"No query results for model [App\\Models\\Wallet]."},{"test":"Tests\\Unit\\Services\\EscrowServiceTest::test_releaseFunds_releases_escrow","file":"C:\\wamp64\\www\\freelance-ci\\backend\\tests\\Unit\\Services\\EscrowServiceTest.php","line":37,"message":"No query results for model [App\\Models\\Wallet]."},{"test":"Tests\\Unit\\Services\\EscrowServiceTest::test_refundFunds_refunds_escrow","file":"C:\\wamp64\\www\\freelance-ci\\backend\\tests\\Unit\\Services\\EscrowServiceTest.php","line":54,"message":"No query results for model [App\\Models\\Wallet]."},{"test":"Tests\\Unit\\Services\\ProfileServiceTest::test_addSkill_adds_skill_to_freelance","file":"C:\\wamp64\\www\\freelance-ci\\backend\\tests\\Unit\\Services\\ProfileServiceTest.php","line":94,"message":"SQLSTATE[23000]: Integrity constraint violation: 19 NOT NULL constraint failed: freelance_skills.id (Connection: sqlite, Database: :memory:, SQL: insert into \"freelance_skills\" (\"freelance_id\", \"proficiency_level\", \"skill_id\") values (019e8822-6f0a-707f-b7b3-d74b33c4b0ea, avance, 019e8822-6f1d-7180-8445-a0955f87baf3))"},{"test":"Tests\\Unit\\Services\\QuoteServiceTest::test_create_creates_quote","file":"C:\\wamp64\\www\\freelance-ci\\backend\\tests\\Unit\\Services\\QuoteServiceTest.php","line":31,"message":"App\\Models\\User::subscription(): Return value must be of type Illuminate\\Database\\Eloquent\\Relations\\HasOne, Illuminate\\Database\\Eloquent\\Relations\\HasOneThrough returned"},{"test":"Tests\\Unit\\Services\\ReviewServiceTest::test_createReview_creates_review","file":"C:\\wamp64\\www\\freelance-ci\\backend\\tests\\Unit\\Services\\ReviewServiceTest.php","line":25,"message":"Vous n'\\u00eates pas partie prenante de ce contrat."},{"test":"Tests\\Unit\\Services\\ReviewServiceTest::test_replyToReview_creates_reply","file":"C:\\wamp64\\www\\freelance-ci\\backend\\tests\\Unit\\Services\\ReviewServiceTest.php","line":41,"message":"Vous ne pouvez pas r\\u00e9pondre \\u00e0 cet avis."},{"test":"Tests\\Unit\\Services\\SubscriptionServiceTest::test_getPlans_returns_active_plans","file":"C:\\wamp64\\www\\freelance-ci\\backend\\tests\\Unit\\Services\\SubscriptionServiceTest.php","line":41,"message":"\"plan_sw7956\" is not a valid backing value for enum App\\Enums\\SubscriptionPlan"},{"test":"Tests\\Unit\\Services\\SubscriptionServiceTest::test_upgrade_creates_new_subscription_and_cancels_old","file":"C:\\wamp64\\www\\freelance-ci\\backend\\tests\\Unit\\Services\\SubscriptionServiceTest.php","line":99,"message":"Route [api.v1.payments.callback] not defined."},{"test":"Tests\\Feature\\Api\\SubscriptionControllerTest::test_can_list_plans","file":"C:\\wamp64\\www\\freelance-ci\\backend\\tests\\Feature\\Api\\SubscriptionControllerTest.php","line":33,"message":"SQLSTATE[23000]: Integrity constraint violation: 19 UNIQUE constraint failed: subscription_plans_config.plan (Connection: sqlite, Database: :memory:, SQL: insert into \"subscription_plans_config\" (\"plan\", \"name\", \"description\", \"price_monthly\", \"price_yearly\", \"max_projects\", \"max_quotes_per_month\", \"has_verified_badge\", \"has_boost_option\", \"features\", \"is_active\", \"sort_order\", \"id\", \"updated_at\", \"created_at\") values (starter, Starter, Amet sit non qui perspiciatis quia quae., 0, 0, 3, 5, 0, 0, {\"feature_1\":true,\"feature_2\":false}, 1, 1, 019e8822-b295-715b-91b0-235fbce0af8d, 2026-06-02 11:40:35, 2026-06-02 11:40:35))"},{"test":"Tests\\Feature\\Api\\SubscriptionControllerTest::test_can_purchase_subscription","file":"C:\\wamp64\\www\\freelance-ci\\backend\\tests\\Feature\\Api\\SubscriptionControllerTest.php","line":41,"message":"SQLSTATE[23000]: Integrity constraint violation: 19 UNIQUE constraint failed: subscription_plans_config.plan (Connection: sqlite, Database: :memory:, SQL: insert into \"subscription_plans_config\" (\"plan\", \"name\", \"description\", \"price_monthly\", \"price_yearly\", \"max_projects\", \"max_quotes_per_month\", \"has_verified_badge\", \"has_boost_option\", \"features\", \"is_active\", \"sort_order\", \"id\", \"updated_at\", \"created_at\") values (starter, Starter, Quia autem molestiae a nobis ipsum dolorem aliquam rerum., 0, 0, 3, 5, 0, 0, {\"feature_1\":true,\"feature_2\":false}, 1, 1, 019e8822-b31e-7250-840e-8dc9309b0751, 2026-06-02 11:40:35, 2026-06-02 11:40:35))"},{"test":"Tests\\Feature\\Api\\SubscriptionControllerTest::test_can_show_subscription","file":"C:\\wamp64\\www\\freelance-ci\\backend\\tests\\Feature\\Api\\SubscriptionControllerTest.php","line":66,"message":"SQLSTATE[23000]: Integrity constraint violation: 19 UNIQUE constraint failed: subscription_plans_config.plan (Connection: sqlite, Database: :memory:, SQL: insert into \"subscription_plans_config\" (\"plan\", \"name\", \"description\", \"price_monthly\", \"price_yearly\", \"max_projects\", \"max_quotes_per_month\", \"has_verified_badge\", \"has_boost_option\", \"features\", \"is_active\", \"sort_order\", \"id\", \"updated_at\", \"created_at\") values (starter, Starter, Cumque maxime officia ad dolorem incidunt., 0, 0, 3, 5, 0, 0, {\"feature_1\":true,\"feature_2\":false}, 1, 1, 019e8822-b3a3-7231-ade3-0077ae3128ef, 2026-06-02 11:40:36, 2026-06-02 11:40:36))"},{"test":"Tests\\Feature\\Api\\SubscriptionControllerTest::test_can_cancel_subscription","file":"C:\\wamp64\\www\\freelance-ci\\backend\\tests\\Feature\\Api\\SubscriptionControllerTest.php","line":83,"message":"SQLSTATE[23000]: Integrity constraint violation: 19 UNIQUE constraint failed: subscription_plans_config.plan (Connection: sqlite, Database: :memory:, SQL: insert into \"subscription_plans_config\" (\"plan\", \"name\", \"description\", \"price_monthly\", \"price_yearly\", \"max_projects\", \"max_quotes_per_month\", \"has_verified_badge\", \"has_boost_option\", \"features\", \"is_active\", \"sort_order\", \"id\", \"updated_at\", \"created_at\") values (starter, Starter, Qui placeat voluptatibus eius blanditiis., 0, 0, 3, 5, 0, 0, {\"feature_1\":true,\"feature_2\":false}, 1, 1, 019e8822-b42f-7328-8f77-0bae0c7351c4, 2026-06-02 11:40:36, 2026-06-02 11:40:36))"}]}
